194.94.127.7 - - [05/Jun/2023:11:30:08 +0200] "GET /wp-content/plugins/wp-optimize/css/smush-3-2-15.min.css?ver=3.2.15.1685957408 HTTP/1.1" 200 14628 "http://195.37.42.1/wp-admin/admin.php?page=fluent_forms_docs" "Mozilla/5.0 (X11; Ubuntu; Linux x86_64; rv:109.0) Gecko/20100101 Firefox/113.0" "-"
194.94.127.7 - - [05/Jun/2023:11:30:08 +0200] "GET /wp-content/plugins/wp-optimize/css/wp-optimize-global-3-2-15.min.css?ver=3.2.15.1685957408 HTTP/1.1" 200 1507 "http://195.37.42.1/wp-admin/admin.php?page=fluent_forms_docs" "Mozilla/5.0 (X11; Ubuntu; Linux x86_64; rv:109.0) Gecko/20100101 Firefox/113.0" "-"
194.94.127.7 - - [05/Jun/2023:11:30:08 +0200] "GET /wp-content/plugins/fluentform/public/img/support.png HTTP/1.1" 200 2028 "http://195.37.42.1/wp-admin/admin.php?page=fluent_forms_docs" "Mozilla/5.0 (X11; Ubuntu; Linux x86_64; rv:109.0) Gecko/20100101 Firefox/113.0" "-"
194.94.127.7 - - [05/Jun/2023:11:30:08 +0200] "GET /wp-content/plugins/fluentform/public/img/fb_group.png HTTP/1.1" 200 8344 "http://195.37.42.1/wp-admin/admin.php?page=fluent_forms_docs" "Mozilla/5.0 (X11; Ubuntu; Linux x86_64; rv:109.0) Gecko/20100101 Firefox/113.0" "-"
194.94.127.7 - - [05/Jun/2023:11:30:08 +0200] "GET /wp-content/plugins/fluentform/public/img/bug.png HTTP/1.1" 200 1964 "http://195.37.42.1/wp-admin/admin.php?page=fluent_forms_docs" "Mozilla/5.0 (X11; Ubuntu; Linux x86_64; rv:109.0) Gecko/20100101 Firefox/113.0" "-"
194.94.127.7 - - [05/Jun/2023:11:30:08 +0200] "GET /wp-content/plugins/fluentform/public/img/love.png HTTP/1.1" 200 1614 "http://195.37.42.1/wp-admin/admin.php?page=fluent_forms_docs" "Mozilla/5.0 (X11; Ubuntu; Linux x86_64; rv:109.0) Gecko/20100101 Firefox/113.0" "-"
195.37.42.1 - - [05/Jun/2023:11:30:10 +0200] "POST /wp-cron.php?doing_wp_cron=1685957410.3287949562072753906250 HTTP/1.1" 200 5 "-" "WordPress/6.2.2; http://195.37.42.1" "-"
194.94.127.7 - - [05/Jun/2023:11:30:10 +0200] "GET /wp-admin/admin.php?page=fluent_forms_smtp HTTP/1.1" 200 106735 "http://195.37.42.1/wp-admin/admin.php?page=fluent_forms_docs" "Mozilla/5.0 (X11; Ubuntu; Linux x86_64; rv:109.0) Gecko/20100101 Firefox/113.0" "-"
194.94.127.7 - - [05/Jun/2023:11:30:10 +0200] "GET /wp-content/plugins/wp-optimize/css/smush-3-2-15.min.css?ver=3.2.15.1685957410 HTTP/1.1" 200 14628 "http://195.37.42.1/wp-admin/admin.php?page=fluent_forms_smtp" "Mozilla/5.0 (X11; Ubuntu; Linux x86_64; rv:109.0) Gecko/20100101 Firefox/113.0" "-"
194.94.127.7 - - [05/Jun/2023:11:30:10 +0200] "GET /wp-content/plugins/wp-optimize/css/wp-optimize-global-3-2-15.min.css?ver=3.2.15.1685957410 HTTP/1.1" 200 1507 "http://195.37.42.1/wp-admin/admin.php?page=fluent_forms_smtp" "Mozilla/5.0 (X11; Ubuntu; Linux x86_64; rv:109.0) Gecko/20100101 Firefox/113.0" "-"
194.94.127.7 - - [05/Jun/2023:11:30:12 +0200] "GET /wp-admin/admin.php?page=fluent_forms_docs HTTP/1.1" 200 108816 "http://195.37.42.1/wp-admin/admin.php?page=fluent_forms_smtp" "Mozilla/5.0 (X11; Ubuntu; Linux x86_64; rv:109.0) Gecko/20100101 Firefox/113.0" "-"
194.94.127.7 - - [05/Jun/2023:11:30:12 +0200] "GET /wp-content/plugins/wp-optimize/css/smush-3-2-15.min.css?ver=3.2.15.1685957412 HTTP/1.1" 200 14628 "http://195.37.42.1/wp-admin/admin.php?page=fluent_forms_docs" "Mozilla/5.0 (X11; Ubuntu; Linux x86_64; rv:109.0) Gecko/20100101 Firefox/113.0" "-"
194.94.127.7 - - [05/Jun/2023:11:30:12 +0200] "GET /wp-content/plugins/wp-optimize/css/wp-optimize-global-3-2-15.min.css?ver=3.2.15.1685957412 HTTP/1.1" 200 1507 "http://195.37.42.1/wp-admin/admin.php?page=fluent_forms_docs" "Mozilla/5.0 (X11; Ubuntu; Linux x86_64; rv:109.0) Gecko/20100101 Firefox/113.0" "-"
195.37.42.1 - - [05/Jun/2023:11:31:10 +0200] "POST /wp-cron.php?doing_wp_cron=1685957470.4086771011352539062500 HTTP/1.1" 200 5 "-" "WordPress/6.2.2; http://195.37.42.1" "-"
194.94.127.7 - - [05/Jun/2023:11:31:10 +0200] "POST /wp-admin/admin-ajax.php HTTP/1.1" 200 58 "http://195.37.42.1/wp-admin/edit.php?s&post_status=all&post_type=post&action=-1&m=0&cat=81&filter_action=Auswahl+einschr%C3%A4nken&paged=1&action2=-1" "Mozilla/5.0 (X11; Ubuntu; Linux x86_64; rv:109.0) Gecko/20100101 Firefox/113.0" "-"
195.37.42.1 - - [05/Jun/2023:11:31:14 +0200] "POST /wp-cron.php?doing_wp_cron=1685957474.0073928833007812500000 HTTP/1.1" 200 5 "-" "WordPress/6.2.2; http://195.37.42.1" "-"
194.94.127.7 - - [05/Jun/2023:11:31:14 +0200] "POST /wp-admin/admin-ajax.php HTTP/1.1" 200 58 "http://195.37.42.1/wp-admin/admin.php?page=fluent_forms_docs" "Mozilla/5.0 (X11; Ubuntu; Linux x86_64; rv:109.0) Gecko/20100101 Firefox/113.0" "-"
195.37.42.1 - - [05/Jun/2023:11:33:10 +0200] "POST /wp-cron.php?doing_wp_cron=1685957590.9673669338226318359375 HTTP/1.1" 200 5 "-" "WordPress/6.2.2; http://195.37.42.1" "-"
194.94.127.7 - - [05/Jun/2023:11:33:11 +0200] "POST /wp-admin/admin-ajax.php HTTP/1.1" 200 58 "http://195.37.42.1/wp-admin/edit.php?s&post_status=all&post_type=post&action=-1&m=0&cat=81&filter_action=Auswahl+einschr%C3%A4nken&paged=1&action2=-1" "Mozilla/5.0 (X11; Ubuntu; Linux x86_64; rv:109.0) Gecko/20100101 Firefox/113.0" "-"
195.37.42.1 - - [05/Jun/2023:11:33:14 +0200] "POST /wp-cron.php?doing_wp_cron=1685957594.1665389537811279296875 HTTP/1.1" 200 5 "-" "WordPress/6.2.2; http://195.37.42.1" "-"
194.94.127.7 - - [05/Jun/2023:11:33:14 +0200] "POST /wp-admin/admin-ajax.php HTTP/1.1" 200 58 "http://195.37.42.1/wp-admin/admin.php?page=fluent_forms_docs" "Mozilla/5.0 (X11; Ubuntu; Linux x86_64; rv:109.0) Gecko/20100101 Firefox/113.0" "-"
195.37.42.1 - - [05/Jun/2023:11:35:10 +0200] "POST /wp-cron.php?doing_wp_cron=1685957710.9302148818969726562500 HTTP/1.1" 200 5 "-" "WordPress/6.2.2; http://195.37.42.1" "-"
194.94.127.7 - - [05/Jun/2023:11:35:10 +0200] "POST /wp-admin/admin-ajax.php HTTP/1.1" 200 58 "http://195.37.42.1/wp-admin/edit.php?s&post_status=all&post_type=post&action=-1&m=0&cat=81&filter_action=Auswahl+einschr%C3%A4nken&paged=1&action2=-1" "Mozilla/5.0 (X11; Ubuntu; Linux x86_64; rv:109.0) Gecko/20100101 Firefox/113.0" "-"
195.37.42.1 - - [05/Jun/2023:11:35:14 +0200] "POST /wp-cron.php?doing_wp_cron=1685957714.1205720901489257812500 HTTP/1.1" 200 5 "-" "WordPress/6.2.2; http://195.37.42.1" "-"
194.94.127.7 - - [05/Jun/2023:11:35:14 +0200] "POST /wp-admin/admin-ajax.php HTTP/1.1" 200 58 "http://195.37.42.1/wp-admin/admin.php?page=fluent_forms_docs" "Mozilla/5.0 (X11; Ubuntu; Linux x86_64; rv:109.0) Gecko/20100101 Firefox/113.0" "-"
195.37.42.1 - - [05/Jun/2023:11:37:11 +0200] "POST /wp-cron.php?doing_wp_cron=1685957831.2654120922088623046875 HTTP/1.1" 200 5 "-" "WordPress/6.2.2; http://195.37.42.1" "-"
194.94.127.7 - - [05/Jun/2023:11:37:11 +0200] "POST /wp-admin/admin-ajax.php HTTP/1.1" 200 58 "http://195.37.42.1/wp-admin/edit.php?s&post_status=all&post_type=post&action=-1&m=0&cat=81&filter_action=Auswahl+einschr%C3%A4nken&paged=1&action2=-1" "Mozilla/5.0 (X11; Ubuntu; Linux x86_64; rv:109.0) Gecko/20100101 Firefox/113.0" "-"
195.37.42.1 - - [05/Jun/2023:11:37:14 +0200] "POST /wp-cron.php?doing_wp_cron=1685957834.6575460433959960937500 HTTP/1.1" 200 5 "-" "WordPress/6.2.2; http://195.37.42.1" "-"
194.94.127.7 - - [05/Jun/2023:11:37:14 +0200] "POST /wp-admin/admin-ajax.php HTTP/1.1" 200 58 "http://195.37.42.1/wp-admin/admin.php?page=fluent_forms_docs" "Mozilla/5.0 (X11; Ubuntu; Linux x86_64; rv:109.0) Gecko/20100101 Firefox/113.0" "-"
195.37.42.1 - - [05/Jun/2023:11:38:16 +0200] "POST /wp-cron.php?doing_wp_cron=1685957896.8880670070648193359375 HTTP/1.1" 200 5 "-" "WordPress/6.2.2; http://195.37.42.1" "-"
194.94.127.7 - - [05/Jun/2023:11:38:16 +0200] "POST /wp-admin/admin-ajax.php HTTP/1.1" 200 58 "http://195.37.42.1/wp-admin/edit.php?s&post_status=all&post_type=post&action=-1&m=0&cat=81&filter_action=Auswahl+einschr%C3%A4nken&paged=1&action2=-1" "Mozilla/5.0 (X11; Ubuntu; Linux x86_64; rv:109.0) Gecko/20100101 Firefox/113.0" "-"
195.37.42.1 - - [05/Jun/2023:11:38:31 +0200] "POST /wp-cron.php?doing_wp_cron=1685957911.7871549129486083984375 HTTP/1.1" 200 5 "-" "WordPress/6.2.2; http://195.37.42.1" "-"
194.94.127.7 - - [05/Jun/2023:11:38:31 +0200] "POST /wp-admin/admin-ajax.php HTTP/1.1" 200 58 "http://195.37.42.1/wp-admin/edit.php?s&post_status=all&post_type=post&action=-1&m=0&cat=81&filter_action=Auswahl+einschr%C3%A4nken&paged=1&action2=-1" "Mozilla/5.0 (X11; Ubuntu; Linux x86_64; rv:109.0) Gecko/20100101 Firefox/113.0" "-"
195.37.42.1 - - [05/Jun/2023:11:39:14 +0200] "POST /wp-cron.php?doing_wp_cron=1685957954.6929509639739990234375 HTTP/1.1" 200 5 "-" "WordPress/6.2.2; http://195.37.42.1" "-"
194.94.127.7 - - [05/Jun/2023:11:39:14 +0200] "POST /wp-admin/admin-ajax.php HTTP/1.1" 200 58 "http://195.37.42.1/wp-admin/admin.php?page=fluent_forms_docs" "Mozilla/5.0 (X11; Ubuntu; Linux x86_64; rv:109.0) Gecko/20100101 Firefox/113.0" "-"
195.37.42.1 - - [05/Jun/2023:11:40:31 +0200] "POST /wp-cron.php?doing_wp_cron=1685958031.8388109207153320312500 HTTP/1.1" 200 5 "-" "WordPress/6.2.2; http://195.37.42.1" "-"
194.94.127.7 - - [05/Jun/2023:11:40:31 +0200] "POST /wp-admin/admin-ajax.php HTTP/1.1" 200 58 "http://195.37.42.1/wp-admin/edit.php?s&post_status=all&post_type=post&action=-1&m=0&cat=81&filter_action=Auswahl+einschr%C3%A4nken&paged=1&action2=-1" "Mozilla/5.0 (X11; Ubuntu; Linux x86_64; rv:109.0) Gecko/20100101 Firefox/113.0" "-"
195.37.42.1 - - [05/Jun/2023:11:42:31 +0200] "POST /wp-cron.php?doing_wp_cron=1685958151.8194010257720947265625 HTTP/1.1" 200 5 "-" "WordPress/6.2.2; http://195.37.42.1" "-"
194.94.127.7 - - [05/Jun/2023:11:42:31 +0200] "POST /wp-admin/admin-ajax.php HTTP/1.1" 200 58 "http://195.37.42.1/wp-admin/edit.php?s&post_status=all&post_type=post&action=-1&m=0&cat=81&filter_action=Auswahl+einschr%C3%A4nken&paged=1&action2=-1" "Mozilla/5.0 (X11; Ubuntu; Linux x86_64; rv:109.0) Gecko/20100101 Firefox/113.0" "-"
195.37.42.1 - - [05/Jun/2023:11:44:31 +0200] "POST /wp-cron.php?doing_wp_cron=1685958271.8142468929290771484375 HTTP/1.1" 200 5 "-" "WordPress/6.2.2; http://195.37.42.1" "-"
194.94.127.7 - - [05/Jun/2023:11:44:31 +0200] "POST /wp-admin/admin-ajax.php HTTP/1.1" 200 58 "http://195.37.42.1/wp-admin/edit.php?s&post_status=all&post_type=post&action=-1&m=0&cat=81&filter_action=Auswahl+einschr%C3%A4nken&paged=1&action2=-1" "Mozilla/5.0 (X11; Ubuntu; Linux x86_64; rv:109.0) Gecko/20100101 Firefox/113.0" "-"
195.37.42.1 - - [05/Jun/2023:11:46:31 +0200] "POST /wp-cron.php?doing_wp_cron=1685958391.8353381156921386718750 HTTP/1.1" 200 5 "-" "WordPress/6.2.2; http://195.37.42.1" "-"
194.94.127.7 - - [05/Jun/2023:11:46:31 +0200] "POST /wp-admin/admin-ajax.php HTTP/1.1" 200 58 "http://195.37.42.1/wp-admin/edit.php?s&post_status=all&post_type=post&action=-1&m=0&cat=81&filter_action=Auswahl+einschr%C3%A4nken&paged=1&action2=-1" "Mozilla/5.0 (X11; Ubuntu; Linux x86_64; rv:109.0) Gecko/20100101 Firefox/113.0" "-"
195.37.42.1 - - [05/Jun/2023:11:47:02 +0200] "POST /wp-cron.php?doing_wp_cron=1685958422.1025359630584716796875 HTTP/1.1" 200 5 "-" "WordPress/6.2.2; http://195.37.42.1" "-"
194.94.127.7 - - [05/Jun/2023:11:47:02 +0200] "POST /wp-admin/admin-ajax.php HTTP/1.1" 200 58 "http://195.37.42.1/wp-admin/edit.php?s&post_status=all&post_type=post&action=-1&m=0&cat=81&filter_action=Auswahl+einschr%C3%A4nken&paged=1&action2=-1" "Mozilla/5.0 (X11; Ubuntu; Linux x86_64; rv:109.0) Gecko/20100101 Firefox/113.0" "-"
195.37.42.1 - - [05/Jun/2023:11:47:06 +0200] "POST /wp-cron.php?doing_wp_cron=1685958426.1655859947204589843750 HTTP/1.1" 200 5 "-" "WordPress/6.2.2; http://195.37.42.1" "-"
194.94.127.7 - - [05/Jun/2023:11:47:06 +0200] "POST /wp-admin/admin-ajax.php HTTP/1.1" 200 58 "http://195.37.42.1/wp-admin/admin.php?page=fluent_forms_docs" "Mozilla/5.0 (X11; Ubuntu; Linux x86_64; rv:109.0) Gecko/20100101 Firefox/113.0" "-"
195.37.42.1 - - [05/Jun/2023:11:47:14 +0200] "POST /wp-cron.php?doing_wp_cron=1685958434.7925879955291748046875 HTTP/1.1" 200 5 "-" "WordPress/6.2.2; http://195.37.42.1" "-"
194.94.127.7 - - [05/Jun/2023:11:47:14 +0200] "GET /wp-admin/admin.php?page=fluent_forms HTTP/1.1" 200 102331 "http://195.37.42.1/wp-admin/admin.php?page=fluent_forms_docs" "Mozilla/5.0 (X11; Ubuntu; Linux x86_64; rv:109.0) Gecko/20100101 Firefox/113.0" "-"
194.94.127.7 - - [05/Jun/2023:11:47:15 +0200] "GET /wp-content/plugins/wp-optimize/css/smush-3-2-15.min.css?ver=3.2.15.1685958434 HTTP/1.1" 200 14628 "http://195.37.42.1/wp-admin/admin.php?page=fluent_forms" "Mozilla/5.0 (X11; Ubuntu; Linux x86_64; rv:109.0) Gecko/20100101 Firefox/113.0" "-"
194.94.127.7 - - [05/Jun/2023:11:47:15 +0200] "GET /wp-content/plugins/wp-optimize/css/wp-optimize-global-3-2-15.min.css?ver=3.2.15.1685958434 HTTP/1.1" 200 1507 "http://195.37.42.1/wp-admin/admin.php?page=fluent_forms" "Mozilla/5.0 (X11; Ubuntu; Linux x86_64; rv:109.0) Gecko/20100101 Firefox/113.0" "-"
194.94.127.7 - - [05/Jun/2023:11:47:15 +0200] "GET /wp-content/plugins/fluentform/public/fonts/element-icons.woff?313f7dacf2076822059d2dca26dedfc6 HTTP/1.1" 200 28200 "http://195.37.42.1/wp-content/plugins/fluentform/public/css/element-ui-css.css?ver=4.3.25" "Mozilla/5.0 (X11; Ubuntu; Linux x86_64; rv:109.0) Gecko/20100101 Firefox/113.0" "-"
194.94.127.7 - - [05/Jun/2023:11:47:16 +0200] "GET /wp-admin/admin-ajax.php?fluent_forms_admin_nonce=b4ee8f929a&action=fluentform-predefined-forms HTTP/1.1" 200 20664 "http://195.37.42.1/wp-admin/admin.php?page=fluent_forms" "Mozilla/5.0 (X11; Ubuntu; Linux x86_64; rv:109.0) Gecko/20100101 Firefox/113.0" "-"
195.37.42.1 - - [05/Jun/2023:11:47:16 +0200] "POST /wp-cron.php?doing_wp_cron=1685958436.1002390384674072265625 HTTP/1.1" 200 5 "-" "WordPress/6.2.2; http://195.37.42.1" "-"
194.94.127.7 - - [05/Jun/2023:11:47:16 +0200] "GET /wp-admin/admin-ajax.php?fluent_forms_admin_nonce=b4ee8f929a&search=&action=fluentform-forms&filter_by=all&per_page=10&page=1&sort_column=id&sort_by=DESC HTTP/1.1" 200 1757 "http://195.37.42.1/wp-admin/admin.php?page=fluent_forms" "Mozilla/5.0 (X11; Ubuntu; Linux x86_64; rv:109.0) Gecko/20100101 Firefox/113.0" "-"
195.37.42.1 - - [05/Jun/2023:11:47:17 +0200] "POST /wp-cron.php?doing_wp_cron=1685958437.3277781009674072265625 HTTP/1.1" 200 5 "-" "WordPress/6.2.2; http://195.37.42.1" "-"
194.94.127.7 - - [05/Jun/2023:11:47:17 +0200] "POST /wp-admin/admin-ajax.php HTTP/1.1" 200 58 "http://195.37.42.1/wp-admin/edit.php?s&post_status=all&post_type=post&action=-1&m=0&cat=81&filter_action=Auswahl+einschr%C3%A4nken&paged=1&action2=-1" "Mozilla/5.0 (X11; Ubuntu; Linux x86_64; rv:109.0) Gecko/20100101 Firefox/113.0" "-"
195.37.42.1 - - [05/Jun/2023:11:48:16 +0200] "POST /wp-cron.php?doing_wp_cron=1685958496.1981699466705322265625 HTTP/1.1" 200 5 "-" "WordPress/6.2.2; http://195.37.42.1" "-"
194.94.127.7 - - [05/Jun/2023:11:48:16 +0200] "POST /wp-admin/admin-ajax.php HTTP/1.1" 200 58 "http://195.37.42.1/wp-admin/admin.php?page=fluent_forms" "Mozilla/5.0 (X11; Ubuntu; Linux x86_64; rv:109.0) Gecko/20100101 Firefox/113.0" "-"
195.37.42.1 - - [05/Jun/2023:11:49:16 +0200] "POST /wp-cron.php?doing_wp_cron=1685958556.2047829627990722656250 HTTP/1.1" 200 5 "-" "WordPress/6.2.2; http://195.37.42.1" "-"
194.94.127.7 - - [05/Jun/2023:11:49:16 +0200] "POST /wp-admin/admin-ajax.php HTTP/1.1" 200 58 "http://195.37.42.1/wp-admin/admin.php?page=fluent_forms" "Mozilla/5.0 (X11; Ubuntu; Linux x86_64; rv:109.0) Gecko/20100101 Firefox/113.0" "-"
195.37.42.1 - - [05/Jun/2023:11:49:17 +0200] "POST /wp-cron.php?doing_wp_cron=1685958557.3384690284729003906250 HTTP/1.1" 200 5 "-" "WordPress/6.2.2; http://195.37.42.1" "-"
194.94.127.7 - - [05/Jun/2023:11:49:17 +0200] "POST /wp-admin/admin-ajax.php HTTP/1.1" 200 58 "http://195.37.42.1/wp-admin/edit.php?s&post_status=all&post_type=post&action=-1&m=0&cat=81&filter_action=Auswahl+einschr%C3%A4nken&paged=1&action2=-1" "Mozilla/5.0 (X11; Ubuntu; Linux x86_64; rv:109.0) Gecko/20100101 Firefox/113.0" "-"
195.37.42.1 - - [05/Jun/2023:11:50:16 +0200] "POST /wp-cron.php?doing_wp_cron=1685958616.7062530517578125000000 HTTP/1.1" 200 5 "-" "WordPress/6.2.2; http://195.37.42.1" "-"
194.94.127.7 - - [05/Jun/2023:11:50:16 +0200] "POST /wp-admin/admin-ajax.php HTTP/1.1" 200 58 "http://195.37.42.1/wp-admin/admin.php?page=fluent_forms" "Mozilla/5.0 (X11; Ubuntu; Linux x86_64; rv:109.0) Gecko/20100101 Firefox/113.0" "-"
195.37.42.1 - - [05/Jun/2023:11:51:17 +0200] "POST /wp-cron.php?doing_wp_cron=1685958677.3341569900512695312500 HTTP/1.1" 200 5 "-" "WordPress/6.2.2; http://195.37.42.1" "-"
194.94.127.7 - - [05/Jun/2023:11:51:17 +0200] "POST /wp-admin/admin-ajax.php HTTP/1.1" 200 58 "http://195.37.42.1/wp-admin/edit.php?s&post_status=all&post_type=post&action=-1&m=0&cat=81&filter_action=Auswahl+einschr%C3%A4nken&paged=1&action2=-1" "Mozilla/5.0 (X11; Ubuntu; Linux x86_64; rv:109.0) Gecko/20100101 Firefox/113.0" "-"
195.37.42.1 - - [05/Jun/2023:11:52:16 +0200] "POST /wp-cron.php?doing_wp_cron=1685958736.7355139255523681640625 HTTP/1.1" 200 5 "-" "WordPress/6.2.2; http://195.37.42.1" "-"
194.94.127.7 - - [05/Jun/2023:11:52:16 +0200] "POST /wp-admin/admin-ajax.php HTTP/1.1" 200 58 "http://195.37.42.1/wp-admin/admin.php?page=fluent_forms" "Mozilla/5.0 (X11; Ubuntu; Linux x86_64; rv:109.0) Gecko/20100101 Firefox/113.0" "-"
195.37.42.1 - - [05/Jun/2023:11:53:17 +0200] "POST /wp-cron.php?doing_wp_cron=1685958797.3209450244903564453125 HTTP/1.1" 200 5 "-" "WordPress/6.2.2; http://195.37.42.1" "-"
194.94.127.7 - - [05/Jun/2023:11:53:17 +0200] "POST /wp-admin/admin-ajax.php HTTP/1.1" 200 58 "http://195.37.42.1/wp-admin/edit.php?s&post_status=all&post_type=post&action=-1&m=0&cat=81&filter_action=Auswahl+einschr%C3%A4nken&paged=1&action2=-1" "Mozilla/5.0 (X11; Ubuntu; Linux x86_64; rv:109.0) Gecko/20100101 Firefox/113.0" "-"
195.37.42.1 - - [05/Jun/2023:11:54:16 +0200] "POST /wp-cron.php?doing_wp_cron=1685958856.7422170639038085937500 HTTP/1.1" 200 5 "-" "WordPress/6.2.2; http://195.37.42.1" "-"
194.94.127.7 - - [05/Jun/2023:11:54:16 +0200] "POST /wp-admin/admin-ajax.php HTTP/1.1" 200 58 "http://195.37.42.1/wp-admin/admin.php?page=fluent_forms" "Mozilla/5.0 (X11; Ubuntu; Linux x86_64; rv:109.0) Gecko/20100101 Firefox/113.0" "-"
195.37.42.1 - - [05/Jun/2023:11:55:17 +0200] "POST /wp-cron.php?doing_wp_cron=1685958917.3602190017700195312500 HTTP/1.1" 200 5 "-" "WordPress/6.2.2; http://195.37.42.1" "-"
194.94.127.7 - - [05/Jun/2023:11:55:17 +0200] "POST /wp-admin/admin-ajax.php HTTP/1.1" 200 58 "http://195.37.42.1/wp-admin/edit.php?s&post_status=all&post_type=post&action=-1&m=0&cat=81&filter_action=Auswahl+einschr%C3%A4nken&paged=1&action2=-1" "Mozilla/5.0 (X11; Ubuntu; Linux x86_64; rv:109.0) Gecko/20100101 Firefox/113.0" "-"
195.37.42.1 - - [05/Jun/2023:11:56:16 +0200] "POST /wp-cron.php?doing_wp_cron=1685958976.8388791084289550781250 HTTP/1.1" 200 5 "-" "WordPress/6.2.2; http://195.37.42.1" "-"
194.94.127.7 - - [05/Jun/2023:11:56:16 +0200] "POST /wp-admin/admin-ajax.php HTTP/1.1" 200 58 "http://195.37.42.1/wp-admin/admin.php?page=fluent_forms" "Mozilla/5.0 (X11; Ubuntu; Linux x86_64; rv:109.0) Gecko/20100101 Firefox/113.0" "-"
195.37.42.1 - - [05/Jun/2023:11:58:16 +0200] "POST /wp-cron.php?doing_wp_cron=1685959096.7744750976562500000000 HTTP/1.1" 200 5 "-" "WordPress/6.2.2; http://195.37.42.1" "-"
194.94.127.7 - - [05/Jun/2023:11:58:16 +0200] "POST /wp-admin/admin-ajax.php HTTP/1.1" 200 58 "http://195.37.42.1/wp-admin/admin.php?page=fluent_forms" "Mozilla/5.0 (X11; Ubuntu; Linux x86_64; rv:109.0) Gecko/20100101 Firefox/113.0" "-"
195.37.42.1 - - [05/Jun/2023:12:34:18 +0200] "POST /wp-cron.php?doing_wp_cron=1685961258.6563570499420166015625 HTTP/1.1" 200 5 "-" "WordPress/6.2.2; http://195.37.42.1" "-"
103.203.183.255 - - [05/Jun/2023:12:34:21 +0200] "GET / HTTP/1.1" 200 332887 "-" "Mozilla/5.0 (Macintosh; Intel Mac OS X 10_15_7) AppleWebKit/537.36 (KHTML, like Gecko) Chrome/113.0.0.0 Safari/537.36" "-"
103.203.183.255 - - [05/Jun/2023:12:34:21 +0200] "GET /wp-content/plugins/wp-optimize/css/wp-optimize-global-3-2-15.min.css?ver=3.2.15.1685961258 HTTP/1.1" 200 1507 "http://195.37.42.1/" "Mozilla/5.0 (Macintosh; Intel Mac OS X 10_15_7) AppleWebKit/537.36 (KHTML, like Gecko) Chrome/113.0.0.0 Safari/537.36" "-"
103.203.183.255 - - [05/Jun/2023:12:34:21 +0200] "GET /wp-content/uploads/elementor/css/post-13188.css?ver=1685896419 HTTP/1.1" 404 571 "http://195.37.42.1/" "Mozilla/5.0 (Macintosh; Intel Mac OS X 10_15_7) AppleWebKit/537.36 (KHTML, like Gecko) Chrome/113.0.0.0 Safari/537.36" "-"
103.203.183.255 - - [05/Jun/2023:12:34:22 +0200] "GET /wp-content/plugins/ultimate-member/assets/font/fontawesome-webfont.woff?v=4.2.0 HTTP/1.1" 304 0 "http://195.37.42.1/wp-content/plugins/ultimate-member/assets/css/um-fonticons-fa.css?ver=2.6.0" "Mozilla/5.0 (Macintosh; Intel Mac OS X 10_15_7) AppleWebKit/537.36 (KHTML, like Gecko) Chrome/113.0.0.0 Safari/537.36" "-"
103.203.183.255 - - [05/Jun/2023:12:34:22 +0200] "GET /wp-content/plugins/elementor/assets/lib/font-awesome/webfonts/fa-solid-900.woff2 HTTP/1.1" 304 0 "http://195.37.42.1/wp-content/plugins/elementor/assets/lib/font-awesome/css/solid.min.css?ver=5.15.3" "Mozilla/5.0 (Macintosh; Intel Mac OS X 10_15_7) AppleWebKit/537.36 (KHTML, like Gecko) Chrome/113.0.0.0 Safari/537.36" "-"
103.203.183.255 - - [05/Jun/2023:12:34:22 +0200] "GET /wp-content/plugins/elementor/assets/lib/font-awesome/webfonts/fa-brands-400.woff2 HTTP/1.1" 304 0 "http://195.37.42.1/wp-content/plugins/elementor/assets/lib/font-awesome/css/brands.min.css?ver=5.15.3" "Mozilla/5.0 (Macintosh; Intel Mac OS X 10_15_7) AppleWebKit/537.36 (KHTML, like Gecko) Chrome/113.0.0.0 Safari/537.36" "-"
103.203.183.255 - - [05/Jun/2023:12:34:22 +0200] "GET /wp-content/plugins/elementor/assets/lib/font-awesome/webfonts/fa-regular-400.woff2 HTTP/1.1" 304 0 "http://195.37.42.1/wp-content/plugins/elementor/assets/lib/font-awesome/css/regular.min.css?ver=5.15.3" "Mozilla/5.0 (Macintosh; Intel Mac OS X 10_15_7) AppleWebKit/537.36 (KHTML, like Gecko) Chrome/113.0.0.0 Safari/537.36" "-"
103.203.183.255 - - [05/Jun/2023:12:34:23 +0200] "GET /wp-content/plugins/elementor/assets/lib/eicons/fonts/eicons.woff2?5.20.0 HTTP/1.1" 304 0 "http://195.37.42.1/wp-content/plugins/elementor/assets/lib/eicons/css/elementor-icons.min.css?ver=5.20.0" "Mozilla/5.0 (Macintosh; Intel Mac OS X 10_15_7) AppleWebKit/537.36 (KHTML, like Gecko) Chrome/113.0.0.0 Safari/537.36" "-"
103.203.183.255 - - [05/Jun/2023:12:34:24 +0200] "GET /wp-content/uploads/2023/03/Anbieterverzeichnis.jpg HTTP/1.1" 200 1116494 "http://195.37.42.1/" "Mozilla/5.0 (Macintosh; Intel Mac OS X 10_15_7) AppleWebKit/537.36 (KHTML, like Gecko) Chrome/113.0.0.0 Safari/537.36" "-"
103.203.183.255 - - [05/Jun/2023:12:34:53 +0200] "GET / HTTP/1.1" 200 333157 "-" "Mozilla/5.0 (Macintosh; Intel Mac OS X 10_15_7) AppleWebKit/537.36 (KHTML, like Gecko) Chrome/113.0.0.0 Safari/537.36" "-"
103.203.183.255 - - [05/Jun/2023:12:34:54 +0200] "GET /wp-content/plugins/wp-optimize/css/wp-optimize-global-3-2-15.min.css?ver=3.2.15.1685961292 HTTP/1.1" 200 1507 "http://195.37.42.1/" "Mozilla/5.0 (Macintosh; Intel Mac OS X 10_15_7) AppleWebKit/537.36 (KHTML, like Gecko) Chrome/113.0.0.0 Safari/537.36" "-"
103.203.183.255 - - [05/Jun/2023:12:34:54 +0200] "GET /wp-content/uploads/elementor/css/post-13188.css?ver=1685896419 HTTP/1.1" 404 571 "http://195.37.42.1/" "Mozilla/5.0 (Macintosh; Intel Mac OS X 10_15_7) AppleWebKit/537.36 (KHTML, like Gecko) Chrome/113.0.0.0 Safari/537.36" "-"
195.37.42.1 - - [05/Jun/2023:12:35:26 +0200] "POST /wp-cron.php?doing_wp_cron=1685961326.2621641159057617187500 HTTP/1.1" 200 5 "-" "WordPress/6.2.2; http://195.37.42.1" "-"
103.203.183.255 - - [05/Jun/2023:12:35:27 +0200] "GET /wp-content/plugins/wp-optimize/css/smush-3-2-15.min.css?ver=3.2.15.1685961326 HTTP/1.1" 200 14628 "http://195.37.42.1/wp-admin/post.php?post=25&action=elementor" "Mozilla/5.0 (Macintosh; Intel Mac OS X 10_15_7) AppleWebKit/537.36 (KHTML, like Gecko) Chrome/113.0.0.0 Safari/537.36" "-"
103.203.183.255 - - [05/Jun/2023:12:35:28 +0200] "GET /wp-content/plugins/wp-optimize//includes/blockui/jquery.blockUI.min.js?ver=3.2.15.1685961326 HTTP/1.1" 200 9188 "http://195.37.42.1/wp-admin/post.php?post=25&action=elementor" "Mozilla/5.0 (Macintosh; Intel Mac OS X 10_15_7) AppleWebKit/537.36 (KHTML, like Gecko) Chrome/113.0.0.0 Safari/537.36" "-"
103.203.183.255 - - [05/Jun/2023:12:35:30 +0200] "GET /wp-admin/post.php?post=25&action=elementor HTTP/1.1" 200 2436285 "http://195.37.42.1/" "Mozilla/5.0 (Macintosh; Intel Mac OS X 10_15_7) AppleWebKit/537.36 (KHTML, like Gecko) Chrome/113.0.0.0 Safari/537.36" "-"
103.203.183.255 - - [05/Jun/2023:12:35:31 +0200] "GET /wp-content/plugins/elementor/assets/js/editor.min.js?ver=3.13.3 HTTP/1.1" 200 1101798 "http://195.37.42.1/wp-admin/post.php?post=25&action=elementor" "Mozilla/5.0 (Macintosh; Intel Mac OS X 10_15_7) AppleWebKit/537.36 (KHTML, like Gecko) Chrome/113.0.0.0 Safari/537.36" "-"
103.203.183.255 - - [05/Jun/2023:12:35:32 +0200] "GET /wp-json/elementor/v1/global-widget/templates HTTP/1.1" 200 12 "http://195.37.42.1/wp-admin/post.php?post=25&action=elementor" "Mozilla/5.0 (Macintosh; Intel Mac OS X 10_15_7) AppleWebKit/537.36 (KHTML, like Gecko) Chrome/113.0.0.0 Safari/537.36" "-"
103.203.183.255 - - [05/Jun/2023:12:35:32 +0200] "GET /wp-json/elementor/v1/kit-elements-defaults HTTP/1.1" 200 12 "http://195.37.42.1/wp-admin/post.php?post=25&action=elementor" "Mozilla/5.0 (Macintosh; Intel Mac OS X 10_15_7) AppleWebKit/537.36 (KHTML, like Gecko) Chrome/113.0.0.0 Safari/537.36" "-"
195.37.42.1 - - [05/Jun/2023:12:35:32 +0200] "POST /wp-cron.php?doing_wp_cron=1685961332.8329010009765625000000 HTTP/1.1" 200 5 "-" "WordPress/6.2.2; http://195.37.42.1" "-"
103.203.183.255 - - [05/Jun/2023:12:35:32 +0200] "POST /wp-admin/admin-ajax.php HTTP/1.1" 200 88 "http://195.37.42.1/wp-admin/post.php?post=25&action=elementor" "Mozilla/5.0 (Macintosh; Intel Mac OS X 10_15_7) AppleWebKit/537.36 (KHTML, like Gecko) Chrome/113.0.0.0 Safari/537.36" "-"
103.203.183.255 - - [05/Jun/2023:12:35:33 +0200] "GET /?elementor-preview=25&ver=1685961326 HTTP/1.1" 200 202086 "http://195.37.42.1/wp-admin/post.php?post=25&action=elementor" "Mozilla/5.0 (Macintosh; Intel Mac OS X 10_15_7) AppleWebKit/537.36 (KHTML, like Gecko) Chrome/113.0.0.0 Safari/537.36" "-"
195.37.42.1 - - [05/Jun/2023:12:35:34 +0200] "POST /wp-cron.php?doing_wp_cron=1685961333.9892010688781738281250 HTTP/1.1" 200 5 "-" "WordPress/6.2.2; http://195.37.42.1" "-"
103.203.183.255 - - [05/Jun/2023:12:35:35 +0200] "GET /wp-content/uploads/essential-addons-elementor/eael.css?ver=1685915154 HTTP/1.1" 200 948794 "http://195.37.42.1/?elementor-preview=25&ver=1685961326" "Mozilla/5.0 (Macintosh; Intel Mac OS X 10_15_7) AppleWebKit/537.36 (KHTML, like Gecko) Chrome/113.0.0.0 Safari/537.36" "-"
103.203.183.255 - - [05/Jun/2023:12:35:36 +0200] "POST /wp-admin/admin-ajax.php HTTP/1.1" 200 742466 "http://195.37.42.1/wp-admin/post.php?post=25&action=elementor" "Mozilla/5.0 (Macintosh; Intel Mac OS X 10_15_7) AppleWebKit/537.36 (KHTML, like Gecko) Chrome/113.0.0.0 Safari/537.36" "-"
103.203.183.255 - - [05/Jun/2023:12:35:37 +0200] "GET /wp-content/uploads/essential-addons-elementor/eael.js?ver=1685915154 HTTP/1.1" 200 1406080 "http://195.37.42.1/?elementor-preview=25&ver=1685961326" "Mozilla/5.0 (Macintosh; Intel Mac OS X 10_15_7) AppleWebKit/537.36 (KHTML, like Gecko) Chrome/113.0.0.0 Safari/537.36" "-"
103.203.183.255 - - [05/Jun/2023:12:35:39 +0200] "GET /wp-json/elementor/v1/globals HTTP/1.1" 200 18537 "http://195.37.42.1/wp-admin/post.php?post=25&action=elementor" "Mozilla/5.0 (Macintosh; Intel Mac OS X 10_15_7) AppleWebKit/537.36 (KHTML, like Gecko) Chrome/113.0.0.0 Safari/537.36" "-"
195.37.42.1 - - [05/Jun/2023:12:35:49 +0200] "POST /wp-cron.php?doing_wp_cron=1685961349.6410200595855712890625 HTTP/1.1" 200 5 "-" "WordPress/6.2.2; http://195.37.42.1" "-"
103.203.183.255 - - [05/Jun/2023:12:35:49 +0200] "POST /wp-admin/admin-ajax.php HTTP/1.1" 200 1030 "http://195.37.42.1/wp-admin/post.php?post=25&action=elementor" "Mozilla/5.0 (Macintosh; Intel Mac OS X 10_15_7) AppleWebKit/537.36 (KHTML, like Gecko) Chrome/113.0.0.0 Safari/537.36" "-"
103.203.183.255 - - [05/Jun/2023:12:35:51 +0200] "GET /wp-content/plugins/essential-addons-for-elementor-lite/assets/admin/fonts/eaicon.ttf?o5l1u9 HTTP/1.1" 304 0 "http://195.37.42.1/wp-content/plugins/essential-addons-for-elementor-lite/assets/admin/css/eaicon.css?ver=5.7.3" "Mozilla/5.0 (Macintosh; Intel Mac OS X 10_15_7) AppleWebKit/537.36 (KHTML, like Gecko) Chrome/113.0.0.0 Safari/537.36" "-"
103.203.183.255 - - [05/Jun/2023:12:35:52 +0200] "GET /wp-content/plugins/unlimited-elements-for-elementor/assets_libraries/font-awesome5/css/fa-solid-900.woff2 HTTP/1.1" 304 0 "http://195.37.42.1/wp-content/plugins/unlimited-elements-for-elementor/assets_libraries/font-awesome5/css/fontawesome-all.min.css?ver=1.5.64" "Mozilla/5.0 (Macintosh; Intel Mac OS X 10_15_7) AppleWebKit/537.36 (KHTML, like Gecko) Chrome/113.0.0.0 Safari/537.36" "-"
195.37.42.1 - - [05/Jun/2023:12:35:53 +0200] "POST /wp-cron.php?doing_wp_cron=1685961353.1291639804840087890625 HTTP/1.1" 200 5 "-" "WordPress/6.2.2; http://195.37.42.1" "-"
103.203.183.255 - - [05/Jun/2023:12:35:53 +0200] "POST /wp-admin/admin-ajax.php HTTP/1.1" 200 417 "http://195.37.42.1/wp-admin/post.php?post=25&action=elementor" "Mozilla/5.0 (Macintosh; Intel Mac OS X 10_15_7) AppleWebKit/537.36 (KHTML, like Gecko) Chrome/113.0.0.0 Safari/537.36" "-"
103.203.183.255 - - [05/Jun/2023:12:35:53 +0200] "GET /wp-content/uploads/ac_assets/uc_card_post_carousel/preview_icon.svg HTTP/1.1" 304 0 "http://195.37.42.1/wp-admin/post.php?post=25&action=elementor" "Mozilla/5.0 (Macintosh; Intel Mac OS X 10_15_7) AppleWebKit/537.36 (KHTML, like Gecko) Chrome/113.0.0.0 Safari/537.36" "-"
195.37.42.1 - - [05/Jun/2023:12:35:54 +0200] "POST /wp-cron.php?doing_wp_cron=1685961354.7310340404510498046875 HTTP/1.1" 200 5 "-" "WordPress/6.2.2; http://195.37.42.1" "-"
103.203.183.255 - - [05/Jun/2023:12:35:54 +0200] "POST /wp-admin/admin-ajax.php HTTP/1.1" 200 256 "http://195.37.42.1/wp-admin/post.php?post=25&action=elementor" "Mozilla/5.0 (Macintosh; Intel Mac OS X 10_15_7) AppleWebKit/537.36 (KHTML, like Gecko) Chrome/113.0.0.0 Safari/537.36" "-"
195.37.42.1 - - [05/Jun/2023:12:36:00 +0200] "POST /wp-cron.php?doing_wp_cron=1685961360.8140709400177001953125 HTTP/1.1" 200 5 "-" "WordPress/6.2.2; http://195.37.42.1" "-"
103.203.183.255 - - [05/Jun/2023:12:36:00 +0200] "POST /wp-admin/admin-ajax.php HTTP/1.1" 200 88 "http://195.37.42.1/wp-admin/post.php?post=25&action=elementor" "Mozilla/5.0 (Macintosh; Intel Mac OS X 10_15_7) AppleWebKit/537.36 (KHTML, like Gecko) Chrome/113.0.0.0 Safari/537.36" "-"
195.37.42.1 - - [05/Jun/2023:12:36:15 +0200] "POST /wp-cron.php?doing_wp_cron=1685961375.7052431106567382812500 HTTP/1.1" 200 5 "-" "WordPress/6.2.2; http://195.37.42.1" "-"
103.203.183.255 - - [05/Jun/2023:12:36:15 +0200] "POST /wp-admin/admin-ajax.php HTTP/1.1" 200 88 "http://195.37.42.1/wp-admin/post.php?post=25&action=elementor" "Mozilla/5.0 (Macintosh; Intel Mac OS X 10_15_7) AppleWebKit/537.36 (KHTML, like Gecko) Chrome/113.0.0.0 Safari/537.36" "-"
195.37.42.1 - - [05/Jun/2023:12:36:20 +0200] "POST /wp-cron.php?doing_wp_cron=1685961380.2851350307464599609375 HTTP/1.1" 200 5 "-" "WordPress/6.2.2; http://195.37.42.1" "-"
103.203.183.255 - - [05/Jun/2023:12:36:20 +0200] "POST /wp-admin/admin-ajax.php HTTP/1.1" 200 68593 "http://195.37.42.1/wp-admin/post.php?post=25&action=elementor" "Mozilla/5.0 (Macintosh; Intel Mac OS X 10_15_7) AppleWebKit/537.36 (KHTML, like Gecko) Chrome/113.0.0.0 Safari/537.36" "-"
195.37.42.1 - - [05/Jun/2023:12:36:21 +0200] "POST /wp-cron.php?doing_wp_cron=1685961381.8095099925994873046875 HTTP/1.1" 200 5 "-" "WordPress/6.2.2; http://195.37.42.1" "-"
103.203.183.255 - - [05/Jun/2023:12:36:21 +0200] "POST /wp-admin/admin-ajax.php HTTP/1.1" 200 88 "http://195.37.42.1/wp-admin/post.php?post=25&action=elementor" "Mozilla/5.0 (Macintosh; Intel Mac OS X 10_15_7) AppleWebKit/537.36 (KHTML, like Gecko) Chrome/113.0.0.0 Safari/537.36" "-"
195.37.42.1 - - [05/Jun/2023:12:36:26 +0200] "POST /wp-cron.php?doing_wp_cron=1685961386.5947809219360351562500 HTTP/1.1" 200 5 "-" "WordPress/6.2.2; http://195.37.42.1" "-"
103.203.183.255 - - [05/Jun/2023:12:36:26 +0200] "POST /wp-admin/admin-ajax.php HTTP/1.1" 200 376 "http://195.37.42.1/wp-admin/post.php?post=25&action=elementor&active-document=11759" "Mozilla/5.0 (Macintosh; Intel Mac OS X 10_15_7) AppleWebKit/537.36 (KHTML, like Gecko) Chrome/113.0.0.0 Safari/537.36" "-"
103.203.183.255 - - [05/Jun/2023:12:36:33 +0200] "GET /wp-content/plugins/wp-optimize/css/smush-3-2-15.min.css?ver=3.2.15.1685961391 HTTP/1.1" 200 14628 "http://195.37.42.1/wp-admin/post.php?post=25&action=elementor" "Mozilla/5.0 (Macintosh; Intel Mac OS X 10_15_7) AppleWebKit/537.36 (KHTML, like Gecko) Chrome/113.0.0.0 Safari/537.36" "-"
103.203.183.255 - - [05/Jun/2023:12:36:33 +0200] "GET /wp-content/plugins/wp-optimize//includes/blockui/jquery.blockUI.min.js?ver=3.2.15.1685961391 HTTP/1.1" 200 9188 "http://195.37.42.1/wp-admin/post.php?post=25&action=elementor" "Mozilla/5.0 (Macintosh; Intel Mac OS X 10_15_7) AppleWebKit/537.36 (KHTML, like Gecko) Chrome/113.0.0.0 Safari/537.36" "-"
103.203.183.255 - - [05/Jun/2023:12:36:35 +0200] "GET /wp-admin/post.php?post=25&action=elementor HTTP/1.1" 200 2436285 "http://195.37.42.1/" "Mozilla/5.0 (Macintosh; Intel Mac OS X 10_15_7) AppleWebKit/537.36 (KHTML, like Gecko) Chrome/113.0.0.0 Safari/537.36" "-"
103.203.183.255 - - [05/Jun/2023:12:36:36 +0200] "GET /wp-json/elementor/v1/global-widget/templates HTTP/1.1" 200 12 "http://195.37.42.1/wp-admin/post.php?post=25&action=elementor" "Mozilla/5.0 (Macintosh; Intel Mac OS X 10_15_7) AppleWebKit/537.36 (KHTML, like Gecko) Chrome/113.0.0.0 Safari/537.36" "-"
103.203.183.255 - - [05/Jun/2023:12:36:37 +0200] "GET /wp-json/elementor/v1/kit-elements-defaults HTTP/1.1" 200 12 "http://195.37.42.1/wp-admin/post.php?post=25&action=elementor" "Mozilla/5.0 (Macintosh; Intel Mac OS X 10_15_7) AppleWebKit/537.36 (KHTML, like Gecko) Chrome/113.0.0.0 Safari/537.36" "-"
195.37.42.1 - - [05/Jun/2023:12:36:37 +0200] "POST /wp-cron.php?doing_wp_cron=1685961397.1896851062774658203125 HTTP/1.1" 200 5 "-" "WordPress/6.2.2; http://195.37.42.1" "-"
103.203.183.255 - - [05/Jun/2023:12:36:37 +0200] "POST /wp-admin/admin-ajax.php HTTP/1.1" 200 88 "http://195.37.42.1/wp-admin/post.php?post=25&action=elementor" "Mozilla/5.0 (Macintosh; Intel Mac OS X 10_15_7) AppleWebKit/537.36 (KHTML, like Gecko) Chrome/113.0.0.0 Safari/537.36" "-"
103.203.183.255 - - [05/Jun/2023:12:36:37 +0200] "GET /?elementor-preview=25&ver=1685961391 HTTP/1.1" 200 202212 "http://195.37.42.1/wp-admin/post.php?post=25&action=elementor" "Mozilla/5.0 (Macintosh; Intel Mac OS X 10_15_7) AppleWebKit/537.36 (KHTML, like Gecko) Chrome/113.0.0.0 Safari/537.36" "-"
195.37.42.1 - - [05/Jun/2023:12:36:38 +0200] "POST /wp-cron.php?doing_wp_cron=1685961398.3865160942077636718750 HTTP/1.1" 200 5 "-" "WordPress/6.2.2; http://195.37.42.1" "-"
103.203.183.255 - - [05/Jun/2023:12:36:38 +0200] "POST /wp-admin/admin-ajax.php HTTP/1.1" 200 88 "http://195.37.42.1/wp-admin/post.php?post=25&action=elementor&active-document=11759" "Mozilla/5.0 (Macintosh; Intel Mac OS X 10_15_7) AppleWebKit/537.36 (KHTML, like Gecko) Chrome/113.0.0.0 Safari/537.36" "-"
103.203.183.255 - - [05/Jun/2023:12:36:38 +0200] "POST /wp-admin/admin-ajax.php HTTP/1.1" 200 742466 "http://195.37.42.1/wp-admin/post.php?post=25&action=elementor" "Mozilla/5.0 (Macintosh; Intel Mac OS X 10_15_7) AppleWebKit/537.36 (KHTML, like Gecko) Chrome/113.0.0.0 Safari/537.36" "-"
103.203.183.255 - - [05/Jun/2023:12:36:39 +0200] "GET /wp-json/elementor/v1/globals HTTP/1.1" 200 18537 "http://195.37.42.1/wp-admin/post.php?post=25&action=elementor" "Mozilla/5.0 (Macintosh; Intel Mac OS X 10_15_7) AppleWebKit/537.36 (KHTML, like Gecko) Chrome/113.0.0.0 Safari/537.36" "-"
195.37.42.1 - - [05/Jun/2023:12:36:49 +0200] "POST /wp-cron.php?doing_wp_cron=1685961409.7712869644165039062500 HTTP/1.1" 200 5 "-" "WordPress/6.2.2; http://195.37.42.1" "-"
103.203.183.255 - - [05/Jun/2023:12:36:49 +0200] "POST /wp-admin/admin-ajax.php HTTP/1.1" 200 1030 "http://195.37.42.1/wp-admin/post.php?post=25&action=elementor" "Mozilla/5.0 (Macintosh; Intel Mac OS X 10_15_7) AppleWebKit/537.36 (KHTML, like Gecko) Chrome/113.0.0.0 Safari/537.36" "-"
195.37.42.1 - - [05/Jun/2023:12:36:53 +0200] "POST /wp-cron.php?doing_wp_cron=1685961413.0734028816223144531250 HTTP/1.1" 200 5 "-" "WordPress/6.2.2; http://195.37.42.1" "-"
103.203.183.255 - - [05/Jun/2023:12:36:53 +0200] "POST /wp-admin/admin-ajax.php HTTP/1.1" 200 417 "http://195.37.42.1/wp-admin/post.php?post=25&action=elementor" "Mozilla/5.0 (Macintosh; Intel Mac OS X 10_15_7) AppleWebKit/537.36 (KHTML, like Gecko) Chrome/113.0.0.0 Safari/537.36" "-"
195.37.42.1 - - [05/Jun/2023:12:36:53 +0200] "POST /wp-cron.php?doing_wp_cron=1685961413.8436100482940673828125 HTTP/1.1" 200 5 "-" "WordPress/6.2.2; http://195.37.42.1" "-"
103.203.183.255 - - [05/Jun/2023:12:36:53 +0200] "POST /wp-admin/admin-ajax.php HTTP/1.1" 200 88 "http://195.37.42.1/wp-admin/post.php?post=25&action=elementor" "Mozilla/5.0 (Macintosh; Intel Mac OS X 10_15_7) AppleWebKit/537.36 (KHTML, like Gecko) Chrome/113.0.0.0 Safari/537.36" "-"
195.37.42.1 - - [05/Jun/2023:12:36:54 +0200] "POST /wp-cron.php?doing_wp_cron=1685961414.6610300540924072265625 HTTP/1.1" 200 5 "-" "WordPress/6.2.2; http://195.37.42.1" "-"
103.203.183.255 - - [05/Jun/2023:12:36:54 +0200] "POST /wp-admin/admin-ajax.php HTTP/1.1" 200 256 "http://195.37.42.1/wp-admin/post.php?post=25&action=elementor" "Mozilla/5.0 (Macintosh; Intel Mac OS X 10_15_7) AppleWebKit/537.36 (KHTML, like Gecko) Chrome/113.0.0.0 Safari/537.36" "-"
195.37.42.1 - - [05/Jun/2023:12:37:08 +0200] "POST /wp-cron.php?doing_wp_cron=1685961428.8872060775756835937500 HTTP/1.1" 200 5 "-" "WordPress/6.2.2; http://195.37.42.1" "-"
103.203.183.255 - - [05/Jun/2023:12:37:08 +0200] "POST /wp-admin/admin-ajax.php HTTP/1.1" 200 88 "http://195.37.42.1/wp-admin/post.php?post=25&action=elementor" "Mozilla/5.0 (Macintosh; Intel Mac OS X 10_15_7) AppleWebKit/537.36 (KHTML, like Gecko) Chrome/113.0.0.0 Safari/537.36" "-"
195.37.42.1 - - [05/Jun/2023:12:37:23 +0200] "POST /wp-cron.php?doing_wp_cron=1685961443.8395891189575195312500 HTTP/1.1" 200 5 "-" "WordPress/6.2.2; http://195.37.42.1" "-"
103.203.183.255 - - [05/Jun/2023:12:37:23 +0200] "POST /wp-admin/admin-ajax.php HTTP/1.1" 200 88 "http://195.37.42.1/wp-admin/post.php?post=25&action=elementor" "Mozilla/5.0 (Macintosh; Intel Mac OS X 10_15_7) AppleWebKit/537.36 (KHTML, like Gecko) Chrome/113.0.0.0 Safari/537.36" "-"
195.37.42.1 - - [05/Jun/2023:12:37:35 +0200] "POST /wp-cron.php?doing_wp_cron=1685961455.9475090503692626953125 HTTP/1.1" 200 5 "-" "WordPress/6.2.2; http://195.37.42.1" "-"
103.203.183.255 - - [05/Jun/2023:12:37:36 +0200] "POST /wp-admin/admin-ajax.php HTTP/1.1" 200 331 "http://195.37.42.1/wp-admin/post.php?post=25&action=elementor" "Mozilla/5.0 (Macintosh; Intel Mac OS X 10_15_7) AppleWebKit/537.36 (KHTML, like Gecko) Chrome/113.0.0.0 Safari/537.36" "-"
195.37.42.1 - - [05/Jun/2023:12:37:38 +0200] "POST /wp-cron.php?doing_wp_cron=1685961458.9398651123046875000000 HTTP/1.1" 200 5 "-" "WordPress/6.2.2; http://195.37.42.1" "-"
103.203.183.255 - - [05/Jun/2023:12:37:39 +0200] "POST /wp-admin/admin-ajax.php HTTP/1.1" 200 3650 "http://195.37.42.1/wp-admin/post.php?post=25&action=elementor" "Mozilla/5.0 (Macintosh; Intel Mac OS X 10_15_7) AppleWebKit/537.36 (KHTML, like Gecko) Chrome/113.0.0.0 Safari/537.36" "-"
195.37.42.1 - - [05/Jun/2023:12:37:40 +0200] "POST /wp-cron.php?doing_wp_cron=1685961460.5784699916839599609375 HTTP/1.1" 200 5 "-" "WordPress/6.2.2; http://195.37.42.1" "-"
103.203.183.255 - - [05/Jun/2023:12:37:40 +0200] "POST /wp-admin/admin-ajax.php HTTP/1.1" 200 88 "http://195.37.42.1/wp-admin/post.php?post=25&action=elementor" "Mozilla/5.0 (Macintosh; Intel Mac OS X 10_15_7) AppleWebKit/537.36 (KHTML, like Gecko) Chrome/113.0.0.0 Safari/537.36" "-"
195.37.42.1 - - [05/Jun/2023:12:37:43 +0200] "POST /wp-cron.php?doing_wp_cron=1685961463.3165259361267089843750 HTTP/1.1" 200 5 "-" "WordPress/6.2.2; http://195.37.42.1" "-"
103.203.183.255 - - [05/Jun/2023:12:37:43 +0200] "POST /wp-admin/admin-ajax.php HTTP/1.1" 200 3650 "http://195.37.42.1/wp-admin/post.php?post=25&action=elementor" "Mozilla/5.0 (Macintosh; Intel Mac OS X 10_15_7) AppleWebKit/537.36 (KHTML, like Gecko) Chrome/113.0.0.0 Safari/537.36" "-"
195.37.42.1 - - [05/Jun/2023:12:37:48 +0200] "POST /wp-cron.php?doing_wp_cron=1685961468.6430249214172363281250 HTTP/1.1" 200 5 "-" "WordPress/6.2.2; http://195.37.42.1" "-"
103.203.183.255 - - [05/Jun/2023:12:37:49 +0200] "POST /wp-admin/admin-ajax.php HTTP/1.1" 200 3650 "http://195.37.42.1/wp-admin/post.php?post=25&action=elementor" "Mozilla/5.0 (Macintosh; Intel Mac OS X 10_15_7) AppleWebKit/537.36 (KHTML, like Gecko) Chrome/113.0.0.0 Safari/537.36" "-"
195.37.42.1 - - [05/Jun/2023:12:37:50 +0200] "POST /wp-cron.php?doing_wp_cron=1685961470.4271039962768554687500 HTTP/1.1" 200 5 "-" "WordPress/6.2.2; http://195.37.42.1" "-"
103.203.183.255 - - [05/Jun/2023:12:37:50 +0200] "POST /wp-admin/admin-ajax.php HTTP/1.1" 200 3650 "http://195.37.42.1/wp-admin/post.php?post=25&action=elementor" "Mozilla/5.0 (Macintosh; Intel Mac OS X 10_15_7) AppleWebKit/537.36 (KHTML, like Gecko) Chrome/113.0.0.0 Safari/537.36" "-"
195.37.42.1 - - [05/Jun/2023:12:37:55 +0200] "POST /wp-cron.php?doing_wp_cron=1685961475.5466210842132568359375 HTTP/1.1" 200 5 "-" "WordPress/6.2.2; http://195.37.42.1" "-"
103.203.183.255 - - [05/Jun/2023:12:37:55 +0200] "POST /wp-admin/admin-ajax.php HTTP/1.1" 200 88 "http://195.37.42.1/wp-admin/post.php?post=25&action=elementor" "Mozilla/5.0 (Macintosh; Intel Mac OS X 10_15_7) AppleWebKit/537.36 (KHTML, like Gecko) Chrome/113.0.0.0 Safari/537.36" "-"
195.37.42.1 - - [05/Jun/2023:12:37:57 +0200] "POST /wp-cron.php?doing_wp_cron=1685961477.9070949554443359375000 HTTP/1.1" 200 5 "-" "WordPress/6.2.2; http://195.37.42.1" "-"
103.203.183.255 - - [05/Jun/2023:12:37:58 +0200] "POST /wp-admin/admin-ajax.php HTTP/1.1" 200 72153 "http://195.37.42.1/wp-admin/post.php?post=25&action=elementor" "Mozilla/5.0 (Macintosh; Intel Mac OS X 10_15_7) AppleWebKit/537.36 (KHTML, like Gecko) Chrome/113.0.0.0 Safari/537.36" "-"
195.37.42.1 - - [05/Jun/2023:12:37:59 +0200] "POST /wp-cron.php?doing_wp_cron=1685961479.4306221008300781250000 HTTP/1.1" 200 5 "-" "WordPress/6.2.2; http://195.37.42.1" "-"
103.203.183.255 - - [05/Jun/2023:12:37:59 +0200] "POST /wp-admin/admin-ajax.php HTTP/1.1" 200 88 "http://195.37.42.1/wp-admin/post.php?post=25&action=elementor&active-document=11759" "Mozilla/5.0 (Macintosh; Intel Mac OS X 10_15_7) AppleWebKit/537.36 (KHTML, like Gecko) Chrome/113.0.0.0 Safari/537.36" "-"
103.203.183.255 - - [05/Jun/2023:12:38:00 +0200] "POST /wp-admin/admin-ajax.php HTTP/1.1" 200 88 "http://195.37.42.1/wp-admin/post.php?post=25&action=elementor" "Mozilla/5.0 (Macintosh; Intel Mac OS X 10_15_7) AppleWebKit/537.36 (KHTML, like Gecko) Chrome/113.0.0.0 Safari/537.36" "-"
195.37.42.1 - - [05/Jun/2023:12:38:09 +0200] "POST /wp-cron.php?doing_wp_cron=1685961489.8092029094696044921875 HTTP/1.1" 200 5 "-" "WordPress/6.2.2; http://195.37.42.1" "-"
103.203.183.255 - - [05/Jun/2023:12:38:09 +0200] "POST /wp-admin/admin-ajax.php HTTP/1.1" 200 599 "http://195.37.42.1/wp-admin/post.php?post=25&action=elementor&active-document=12367" "Mozilla/5.0 (Macintosh; Intel Mac OS X 10_15_7) AppleWebKit/537.36 (KHTML, like Gecko) Chrome/113.0.0.0 Safari/537.36" "-"
195.37.42.1 - - [05/Jun/2023:12:38:14 +0200] "POST /wp-cron.php?doing_wp_cron=1685961494.4406919479370117187500 HTTP/1.1" 200 5 "-" "WordPress/6.2.2; http://195.37.42.1" "-"
103.203.183.255 - - [05/Jun/2023:12:38:14 +0200] "POST /wp-admin/admin-ajax.php HTTP/1.1" 200 88 "http://195.37.42.1/wp-admin/post.php?post=25&action=elementor&active-document=11759" "Mozilla/5.0 (Macintosh; Intel Mac OS X 10_15_7) AppleWebKit/537.36 (KHTML, like Gecko) Chrome/113.0.0.0 Safari/537.36" "-"
195.37.42.1 - - [05/Jun/2023:12:38:17 +0200] "POST /wp-cron.php?doing_wp_cron=1685961497.9191169738769531250000 HTTP/1.1" 200 5 "-" "WordPress/6.2.2; http://195.37.42.1" "-"
103.203.183.255 - - [05/Jun/2023:12:38:17 +0200] "POST /wp-admin/admin-ajax.php HTTP/1.1" 200 88 "http://195.37.42.1/wp-admin/post.php?post=25&action=elementor&active-document=12367" "Mozilla/5.0 (Macintosh; Intel Mac OS X 10_15_7) AppleWebKit/537.36 (KHTML, like Gecko) Chrome/113.0.0.0 Safari/537.36" "-"
195.37.42.1 - - [05/Jun/2023:12:38:32 +0200] "POST /wp-cron.php?doing_wp_cron=1685961512.9013779163360595703125 HTTP/1.1" 200 5 "-" "WordPress/6.2.2; http://195.37.42.1" "-"
103.203.183.255 - - [05/Jun/2023:12:38:33 +0200] "POST /wp-admin/admin-ajax.php HTTP/1.1" 200 88 "http://195.37.42.1/wp-admin/post.php?post=25&action=elementor&active-document=12367" "Mozilla/5.0 (Macintosh; Intel Mac OS X 10_15_7) AppleWebKit/537.36 (KHTML, like Gecko) Chrome/113.0.0.0 Safari/537.36" "-"
195.37.42.1 - - [05/Jun/2023:12:38:47 +0200] "POST /wp-cron.php?doing_wp_cron=1685961527.9270179271697998046875 HTTP/1.1" 200 5 "-" "WordPress/6.2.2; http://195.37.42.1" "-"
103.203.183.255 - - [05/Jun/2023:12:38:48 +0200] "POST /wp-admin/admin-ajax.php HTTP/1.1" 200 88 "http://195.37.42.1/wp-admin/post.php?post=25&action=elementor&active-document=12367" "Mozilla/5.0 (Macintosh; Intel Mac OS X 10_15_7) AppleWebKit/537.36 (KHTML, like Gecko) Chrome/113.0.0.0 Safari/537.36" "-"
195.37.42.1 - - [05/Jun/2023:12:39:02 +0200] "POST /wp-cron.php?doing_wp_cron=1685961542.9298961162567138671875 HTTP/1.1" 200 5 "-" "WordPress/6.2.2; http://195.37.42.1" "-"
103.203.183.255 - - [05/Jun/2023:12:39:03 +0200] "POST /wp-admin/admin-ajax.php HTTP/1.1" 200 88 "http://195.37.42.1/wp-admin/post.php?post=25&action=elementor&active-document=12367" "Mozilla/5.0 (Macintosh; Intel Mac OS X 10_15_7) AppleWebKit/537.36 (KHTML, like Gecko) Chrome/113.0.0.0 Safari/537.36" "-"
195.37.42.1 - - [05/Jun/2023:12:39:17 +0200] "POST /wp-cron.php?doing_wp_cron=1685961557.9378499984741210937500 HTTP/1.1" 200 5 "-" "WordPress/6.2.2; http://195.37.42.1" "-"
103.203.183.255 - - [05/Jun/2023:12:39:18 +0200] "POST /wp-admin/admin-ajax.php HTTP/1.1" 200 88 "http://195.37.42.1/wp-admin/post.php?post=25&action=elementor&active-document=12367" "Mozilla/5.0 (Macintosh; Intel Mac OS X 10_15_7) AppleWebKit/537.36 (KHTML, like Gecko) Chrome/113.0.0.0 Safari/537.36" "-"
195.37.42.1 - - [05/Jun/2023:12:39:32 +0200] "POST /wp-cron.php?doing_wp_cron=1685961572.9720048904418945312500 HTTP/1.1" 200 5 "-" "WordPress/6.2.2; http://195.37.42.1" "-"
103.203.183.255 - - [05/Jun/2023:12:39:33 +0200] "POST /wp-admin/admin-ajax.php HTTP/1.1" 200 88 "http://195.37.42.1/wp-admin/post.php?post=25&action=elementor&active-document=12367" "Mozilla/5.0 (Macintosh; Intel Mac OS X 10_15_7) AppleWebKit/537.36 (KHTML, like Gecko) Chrome/113.0.0.0 Safari/537.36" "-"
195.37.42.1 - - [05/Jun/2023:12:39:47 +0200] "POST /wp-cron.php?doing_wp_cron=1685961587.9710290431976318359375 HTTP/1.1" 200 5 "-" "WordPress/6.2.2; http://195.37.42.1" "-"
103.203.183.255 - - [05/Jun/2023:12:39:48 +0200] "POST /wp-admin/admin-ajax.php HTTP/1.1" 200 88 "http://195.37.42.1/wp-admin/post.php?post=25&action=elementor&active-document=12367" "Mozilla/5.0 (Macintosh; Intel Mac OS X 10_15_7) AppleWebKit/537.36 (KHTML, like Gecko) Chrome/113.0.0.0 Safari/537.36" "-"
195.37.42.1 - - [05/Jun/2023:12:40:03 +0200] "POST /wp-cron.php?doing_wp_cron=1685961602.9690659046173095703125 HTTP/1.1" 200 5 "-" "WordPress/6.2.2; http://195.37.42.1" "-"
103.203.183.255 - - [05/Jun/2023:12:40:03 +0200] "POST /wp-admin/admin-ajax.php HTTP/1.1" 200 88 "http://195.37.42.1/wp-admin/post.php?post=25&action=elementor&active-document=12367" "Mozilla/5.0 (Macintosh; Intel Mac OS X 10_15_7) AppleWebKit/537.36 (KHTML, like Gecko) Chrome/113.0.0.0 Safari/537.36" "-"
195.37.42.1 - - [05/Jun/2023:12:40:14 +0200] "POST /wp-cron.php?doing_wp_cron=1685961614.4272298812866210937500 HTTP/1.1" 200 5 "-" "WordPress/6.2.2; http://195.37.42.1" "-"
103.203.183.255 - - [05/Jun/2023:12:40:14 +0200] "POST /wp-admin/admin-ajax.php HTTP/1.1" 200 88 "http://195.37.42.1/wp-admin/post.php?post=25&action=elementor&active-document=11759" "Mozilla/5.0 (Macintosh; Intel Mac OS X 10_15_7) AppleWebKit/537.36 (KHTML, like Gecko) Chrome/113.0.0.0 Safari/537.36" "-"
195.37.42.1 - - [05/Jun/2023:12:40:17 +0200] "POST /wp-cron.php?doing_wp_cron=1685961617.9802300930023193359375 HTTP/1.1" 200 5 "-" "WordPress/6.2.2; http://195.37.42.1" "-"
103.203.183.255 - - [05/Jun/2023:12:40:18 +0200] "POST /wp-admin/admin-ajax.php HTTP/1.1" 200 88 "http://195.37.42.1/wp-admin/post.php?post=25&action=elementor&active-document=12367" "Mozilla/5.0 (Macintosh; Intel Mac OS X 10_15_7) AppleWebKit/537.36 (KHTML, like Gecko) Chrome/113.0.0.0 Safari/537.36" "-"
195.37.42.1 - - [05/Jun/2023:12:40:32 +0200] "POST /wp-cron.php?doing_wp_cron=1685961632.9646909236907958984375 HTTP/1.1" 200 5 "-" "WordPress/6.2.2; http://195.37.42.1" "-"
103.203.183.255 - - [05/Jun/2023:12:40:33 +0200] "POST /wp-admin/admin-ajax.php HTTP/1.1" 200 88 "http://195.37.42.1/wp-admin/post.php?post=25&action=elementor&active-document=12367" "Mozilla/5.0 (Macintosh; Intel Mac OS X 10_15_7) AppleWebKit/537.36 (KHTML, like Gecko) Chrome/113.0.0.0 Safari/537.36" "-"
195.37.42.1 - - [05/Jun/2023:12:40:47 +0200] "POST /wp-cron.php?doing_wp_cron=1685961647.9629499912261962890625 HTTP/1.1" 200 5 "-" "WordPress/6.2.2; http://195.37.42.1" "-"
103.203.183.255 - - [05/Jun/2023:12:40:48 +0200] "POST /wp-admin/admin-ajax.php HTTP/1.1" 200 88 "http://195.37.42.1/wp-admin/post.php?post=25&action=elementor&active-document=12367" "Mozilla/5.0 (Macintosh; Intel Mac OS X 10_15_7) AppleWebKit/537.36 (KHTML, like Gecko) Chrome/113.0.0.0 Safari/537.36" "-"
195.37.42.1 - - [05/Jun/2023:12:41:03 +0200] "POST /wp-cron.php?doing_wp_cron=1685961662.9908740520477294921875 HTTP/1.1" 200 5 "-" "WordPress/6.2.2; http://195.37.42.1" "-"
