103.203.183.255 - - [05/Jun/2023:12:41:03 +0200] "POST /wp-admin/admin-ajax.php HTTP/1.1" 200 88 "http://195.37.42.1/wp-admin/post.php?post=25&action=elementor&active-document=12367" "Mozilla/5.0 (Macintosh; Intel Mac OS X 10_15_7) AppleWebKit/537.36 (KHTML, like Gecko) Chrome/113.0.0.0 Safari/537.36" "-"
195.37.42.1 - - [05/Jun/2023:12:41:18 +0200] "POST /wp-cron.php?doing_wp_cron=1685961677.9937338829040527343750 HTTP/1.1" 200 5 "-" "WordPress/6.2.2; http://195.37.42.1" "-"
103.203.183.255 - - [05/Jun/2023:12:41:18 +0200] "POST /wp-admin/admin-ajax.php HTTP/1.1" 200 88 "http://195.37.42.1/wp-admin/post.php?post=25&action=elementor&active-document=12367" "Mozilla/5.0 (Macintosh; Intel Mac OS X 10_15_7) AppleWebKit/537.36 (KHTML, like Gecko) Chrome/113.0.0.0 Safari/537.36" "-"
195.37.42.1 - - [05/Jun/2023:12:41:32 +0200] "POST /wp-cron.php?doing_wp_cron=1685961692.9613161087036132812500 HTTP/1.1" 200 5 "-" "WordPress/6.2.2; http://195.37.42.1" "-"
103.203.183.255 - - [05/Jun/2023:12:41:33 +0200] "POST /wp-admin/admin-ajax.php HTTP/1.1" 200 88 "http://195.37.42.1/wp-admin/post.php?post=25&action=elementor&active-document=12367" "Mozilla/5.0 (Macintosh; Intel Mac OS X 10_15_7) AppleWebKit/537.36 (KHTML, like Gecko) Chrome/113.0.0.0 Safari/537.36" "-"
195.37.42.1 - - [05/Jun/2023:12:41:48 +0200] "POST /wp-cron.php?doing_wp_cron=1685961707.9935879707336425781250 HTTP/1.1" 200 5 "-" "WordPress/6.2.2; http://195.37.42.1" "-"
103.203.183.255 - - [05/Jun/2023:12:41:48 +0200] "POST /wp-admin/admin-ajax.php HTTP/1.1" 200 88 "http://195.37.42.1/wp-admin/post.php?post=25&action=elementor&active-document=12367" "Mozilla/5.0 (Macintosh; Intel Mac OS X 10_15_7) AppleWebKit/537.36 (KHTML, like Gecko) Chrome/113.0.0.0 Safari/537.36" "-"
195.37.42.1 - - [05/Jun/2023:12:42:04 +0200] "POST /wp-cron.php?doing_wp_cron=1685961724.6369891166687011718750 HTTP/1.1" 200 5 "-" "WordPress/6.2.2; http://195.37.42.1" "-"
103.203.183.255 - - [05/Jun/2023:12:42:04 +0200] "POST /wp-admin/admin-ajax.php HTTP/1.1" 200 88 "http://195.37.42.1/wp-admin/post.php?post=25&action=elementor&active-document=12367" "Mozilla/5.0 (Macintosh; Intel Mac OS X 10_15_7) AppleWebKit/537.36 (KHTML, like Gecko) Chrome/113.0.0.0 Safari/537.36" "-"
195.37.42.1 - - [05/Jun/2023:12:42:08 +0200] "POST /wp-cron.php?doing_wp_cron=1685961728.3459370136260986328125 HTTP/1.1" 200 5 "-" "WordPress/6.2.2; http://195.37.42.1" "-"
103.203.183.255 - - [05/Jun/2023:12:42:08 +0200] "POST /wp-admin/admin-ajax.php HTTP/1.1" 200 88 "http://195.37.42.1/wp-admin/post.php?post=25&action=elementor&active-document=11759" "Mozilla/5.0 (Macintosh; Intel Mac OS X 10_15_7) AppleWebKit/537.36 (KHTML, like Gecko) Chrome/113.0.0.0 Safari/537.36" "-"
195.37.42.1 - - [05/Jun/2023:12:42:19 +0200] "POST /wp-cron.php?doing_wp_cron=1685961739.4830889701843261718750 HTTP/1.1" 200 5 "-" "WordPress/6.2.2; http://195.37.42.1" "-"
103.203.183.255 - - [05/Jun/2023:12:42:19 +0200] "POST /wp-admin/admin-ajax.php HTTP/1.1" 200 88 "http://195.37.42.1/wp-admin/post.php?post=25&action=elementor&active-document=12367" "Mozilla/5.0 (Macintosh; Intel Mac OS X 10_15_7) AppleWebKit/537.36 (KHTML, like Gecko) Chrome/113.0.0.0 Safari/537.36" "-"
195.37.42.1 - - [05/Jun/2023:12:42:23 +0200] "POST /wp-cron.php?doing_wp_cron=1685961743.2864699363708496093750 HTTP/1.1" 200 5 "-" "WordPress/6.2.2; http://195.37.42.1" "-"
103.203.183.255 - - [05/Jun/2023:12:42:23 +0200] "POST /wp-admin/admin-ajax.php HTTP/1.1" 200 88 "http://195.37.42.1/wp-admin/post.php?post=25&action=elementor&active-document=11759" "Mozilla/5.0 (Macintosh; Intel Mac OS X 10_15_7) AppleWebKit/537.36 (KHTML, like Gecko) Chrome/113.0.0.0 Safari/537.36" "-"
195.37.42.1 - - [05/Jun/2023:12:42:38 +0200] "POST /wp-cron.php?doing_wp_cron=1685961758.3172450065612792968750 HTTP/1.1" 200 5 "-" "WordPress/6.2.2; http://195.37.42.1" "-"
103.203.183.255 - - [05/Jun/2023:12:42:38 +0200] "POST /wp-admin/admin-ajax.php HTTP/1.1" 200 88 "http://195.37.42.1/wp-admin/post.php?post=25&action=elementor&active-document=11759" "Mozilla/5.0 (Macintosh; Intel Mac OS X 10_15_7) AppleWebKit/537.36 (KHTML, like Gecko) Chrome/113.0.0.0 Safari/537.36" "-"
103.203.183.255 - - [05/Jun/2023:12:42:49 +0200] "GET /wp-includes/js/tinymce/skins/lightgray/fonts/tinymce.woff HTTP/1.1" 200 18824 "http://195.37.42.1/wp-includes/js/tinymce/skins/lightgray/skin.min.css?wp-mce-49110-20201110" "Mozilla/5.0 (Macintosh; Intel Mac OS X 10_15_7) AppleWebKit/537.36 (KHTML, like Gecko) Chrome/113.0.0.0 Safari/537.36" "-"
195.37.42.1 - - [05/Jun/2023:12:42:51 +0200] "POST /wp-cron.php?doing_wp_cron=1685961771.4513399600982666015625 HTTP/1.1" 200 5 "-" "WordPress/6.2.2; http://195.37.42.1" "-"
103.203.183.255 - - [05/Jun/2023:12:42:51 +0200] "POST /wp-admin/admin-ajax.php HTTP/1.1" 200 235 "http://195.37.42.1/wp-admin/post.php?post=25&action=elementor&active-document=11759" "Mozilla/5.0 (Macintosh; Intel Mac OS X 10_15_7) AppleWebKit/537.36 (KHTML, like Gecko) Chrome/113.0.0.0 Safari/537.36" "-"
195.37.42.1 - - [05/Jun/2023:12:42:54 +0200] "POST /wp-cron.php?doing_wp_cron=1685961774.1390960216522216796875 HTTP/1.1" 200 5 "-" "WordPress/6.2.2; http://195.37.42.1" "-"
103.203.183.255 - - [05/Jun/2023:12:42:54 +0200] "POST /wp-admin/admin-ajax.php HTTP/1.1" 200 88 "http://195.37.42.1/wp-admin/post.php?post=25&action=elementor&active-document=11759" "Mozilla/5.0 (Macintosh; Intel Mac OS X 10_15_7) AppleWebKit/537.36 (KHTML, like Gecko) Chrome/113.0.0.0 Safari/537.36" "-"
195.37.42.1 - - [05/Jun/2023:12:43:09 +0200] "POST /wp-cron.php?doing_wp_cron=1685961789.1680879592895507812500 HTTP/1.1" 200 5 "-" "WordPress/6.2.2; http://195.37.42.1" "-"
103.203.183.255 - - [05/Jun/2023:12:43:09 +0200] "POST /wp-admin/admin-ajax.php HTTP/1.1" 200 88 "http://195.37.42.1/wp-admin/post.php?post=25&action=elementor&active-document=11759" "Mozilla/5.0 (Macintosh; Intel Mac OS X 10_15_7) AppleWebKit/537.36 (KHTML, like Gecko) Chrome/113.0.0.0 Safari/537.36" "-"
195.37.42.1 - - [05/Jun/2023:12:43:13 +0200] "POST /wp-cron.php?doing_wp_cron=1685961793.8297309875488281250000 HTTP/1.1" 200 5 "-" "WordPress/6.2.2; http://195.37.42.1" "-"
103.203.183.255 - - [05/Jun/2023:12:43:14 +0200] "POST /wp-admin/admin-ajax.php HTTP/1.1" 200 634 "http://195.37.42.1/wp-admin/post.php?post=25&action=elementor&active-document=11759" "Mozilla/5.0 (Macintosh; Intel Mac OS X 10_15_7) AppleWebKit/537.36 (KHTML, like Gecko) Chrome/113.0.0.0 Safari/537.36" "-"
195.37.42.1 - - [05/Jun/2023:12:43:15 +0200] "POST /wp-cron.php?doing_wp_cron=1685961795.8334920406341552734375 HTTP/1.1" 200 5 "-" "WordPress/6.2.2; http://195.37.42.1" "-"
103.203.183.255 - - [05/Jun/2023:12:43:16 +0200] "POST /wp-admin/admin-ajax.php HTTP/1.1" 200 714 "http://195.37.42.1/wp-admin/post.php?post=25&action=elementor&active-document=11759" "Mozilla/5.0 (Macintosh; Intel Mac OS X 10_15_7) AppleWebKit/537.36 (KHTML, like Gecko) Chrome/113.0.0.0 Safari/537.36" "-"
103.203.183.255 - - [05/Jun/2023:12:43:23 +0200] "GET / HTTP/1.1" 200 334741 "-" "Mozilla/5.0 (Macintosh; Intel Mac OS X 10_15_7) AppleWebKit/537.36 (KHTML, like Gecko) Chrome/113.0.0.0 Safari/537.36" "-"
103.203.183.255 - - [05/Jun/2023:12:43:24 +0200] "GET /wp-content/plugins/wp-optimize/css/wp-optimize-global-3-2-15.min.css?ver=3.2.15.1685961801 HTTP/1.1" 200 1507 "http://195.37.42.1/" "Mozilla/5.0 (Macintosh; Intel Mac OS X 10_15_7) AppleWebKit/537.36 (KHTML, like Gecko) Chrome/113.0.0.0 Safari/537.36" "-"
103.203.183.255 - - [05/Jun/2023:12:43:24 +0200] "GET /wp-content/uploads/elementor/css/post-11759.css?ver=1685961802 HTTP/1.1" 200 4497 "http://195.37.42.1/" "Mozilla/5.0 (Macintosh; Intel Mac OS X 10_15_7) AppleWebKit/537.36 (KHTML, like Gecko) Chrome/113.0.0.0 Safari/537.36" "-"
103.203.183.255 - - [05/Jun/2023:12:43:24 +0200] "GET /wp-content/uploads/elementor/css/post-13188.css?ver=1685896419 HTTP/1.1" 404 571 "http://195.37.42.1/" "Mozilla/5.0 (Macintosh; Intel Mac OS X 10_15_7) AppleWebKit/537.36 (KHTML, like Gecko) Chrome/113.0.0.0 Safari/537.36" "-"
195.37.42.1 - - [05/Jun/2023:12:43:24 +0200] "POST /wp-cron.php?doing_wp_cron=1685961804.6769549846649169921875 HTTP/1.1" 200 5 "-" "WordPress/6.2.2; http://195.37.42.1" "-"
103.203.183.255 - - [05/Jun/2023:12:43:24 +0200] "POST /wp-admin/admin-ajax.php HTTP/1.1" 200 88 "http://195.37.42.1/wp-admin/post.php?post=25&action=elementor&active-document=11759" "Mozilla/5.0 (Macintosh; Intel Mac OS X 10_15_7) AppleWebKit/537.36 (KHTML, like Gecko) Chrome/113.0.0.0 Safari/537.36" "-"
103.203.183.255 - - [05/Jun/2023:12:43:25 +0200] "GET /wp-content/uploads/2023/03/Anbieterverzeichnis-2048x1114.jpg HTTP/1.1" 200 752640 "http://195.37.42.1/" "Mozilla/5.0 (Macintosh; Intel Mac OS X 10_15_7) AppleWebKit/537.36 (KHTML, like Gecko) Chrome/113.0.0.0 Safari/537.36" "-"
195.37.42.1 - - [05/Jun/2023:12:43:51 +0200] "POST /wp-cron.php?doing_wp_cron=1685961831.6780779361724853515625 HTTP/1.1" 200 5 "-" "WordPress/6.2.2; http://195.37.42.1" "-"
103.203.183.255 - - [05/Jun/2023:12:43:51 +0200] "POST /wp-admin/admin-ajax.php HTTP/1.1" 200 88 "http://195.37.42.1/wp-admin/post.php?post=25&action=elementor&active-document=11759" "Mozilla/5.0 (Macintosh; Intel Mac OS X 10_15_7) AppleWebKit/537.36 (KHTML, like Gecko) Chrome/113.0.0.0 Safari/537.36" "-"
195.37.42.1 - - [05/Jun/2023:12:43:55 +0200] "POST /wp-cron.php?doing_wp_cron=1685961835.8085699081420898437500 HTTP/1.1" 200 5 "-" "WordPress/6.2.2; http://195.37.42.1" "-"
103.203.183.255 - - [05/Jun/2023:12:43:55 +0200] "POST /wp-admin/admin-ajax.php HTTP/1.1" 200 200 "http://195.37.42.1/wp-admin/post.php?post=25&action=elementor&active-document=11759" "Mozilla/5.0 (Macintosh; Intel Mac OS X 10_15_7) AppleWebKit/537.36 (KHTML, like Gecko) Chrome/113.0.0.0 Safari/537.36" "-"
103.203.183.255 - - [05/Jun/2023:12:43:56 +0200] "POST /wp-admin/admin-ajax.php HTTP/1.1" 200 163 "http://195.37.42.1/wp-admin/post.php?post=25&action=elementor&active-document=11759" "Mozilla/5.0 (Macintosh; Intel Mac OS X 10_15_7) AppleWebKit/537.36 (KHTML, like Gecko) Chrome/113.0.0.0 Safari/537.36" "-"
103.203.183.255 - - [05/Jun/2023:12:43:56 +0200] "POST /wp-admin/admin-ajax.php HTTP/1.1" 200 378 "http://195.37.42.1/wp-admin/post.php?post=25&action=elementor&active-document=11759" "Mozilla/5.0 (Macintosh; Intel Mac OS X 10_15_7) AppleWebKit/537.36 (KHTML, like Gecko) Chrome/113.0.0.0 Safari/537.36" "-"
195.37.42.1 - - [05/Jun/2023:12:44:06 +0200] "POST /wp-cron.php?doing_wp_cron=1685961846.6863551139831542968750 HTTP/1.1" 200 5 "-" "WordPress/6.2.2; http://195.37.42.1" "-"
103.203.183.255 - - [05/Jun/2023:12:44:06 +0200] "POST /wp-admin/admin-ajax.php HTTP/1.1" 200 88 "http://195.37.42.1/wp-admin/post.php?post=25&action=elementor&active-document=11759" "Mozilla/5.0 (Macintosh; Intel Mac OS X 10_15_7) AppleWebKit/537.36 (KHTML, like Gecko) Chrome/113.0.0.0 Safari/537.36" "-"
195.37.42.1 - - [05/Jun/2023:12:44:16 +0200] "POST /wp-cron.php?doing_wp_cron=1685961856.7431418895721435546875 HTTP/1.1" 200 5 "-" "WordPress/6.2.2; http://195.37.42.1" "-"
103.203.183.255 - - [05/Jun/2023:12:44:19 +0200] "GET / HTTP/1.1" 200 334597 "-" "Mozilla/5.0 (Macintosh; Intel Mac OS X 10_15_7) AppleWebKit/537.36 (KHTML, like Gecko) Chrome/113.0.0.0 Safari/537.36" "-"
103.203.183.255 - - [05/Jun/2023:12:44:19 +0200] "GET /wp-content/plugins/wp-optimize/css/wp-optimize-global-3-2-15.min.css?ver=3.2.15.1685961856 HTTP/1.1" 200 1507 "http://195.37.42.1/" "Mozilla/5.0 (Macintosh; Intel Mac OS X 10_15_7) AppleWebKit/537.36 (KHTML, like Gecko) Chrome/113.0.0.0 Safari/537.36" "-"
103.203.183.255 - - [05/Jun/2023:12:44:19 +0200] "GET /wp-content/uploads/elementor/css/post-13188.css?ver=1685896419 HTTP/1.1" 404 571 "http://195.37.42.1/" "Mozilla/5.0 (Macintosh; Intel Mac OS X 10_15_7) AppleWebKit/537.36 (KHTML, like Gecko) Chrome/113.0.0.0 Safari/537.36" "-"
195.37.42.1 - - [05/Jun/2023:12:44:19 +0200] "POST /wp-cron.php?doing_wp_cron=1685961859.5144979953765869140625 HTTP/1.1" 200 5 "-" "WordPress/6.2.2; http://195.37.42.1" "-"
103.203.183.255 - - [05/Jun/2023:12:44:19 +0200] "POST /wp-admin/admin-ajax.php HTTP/1.1" 200 88 "http://195.37.42.1/wp-admin/post.php?post=25&action=elementor&active-document=12367" "Mozilla/5.0 (Macintosh; Intel Mac OS X 10_15_7) AppleWebKit/537.36 (KHTML, like Gecko) Chrome/113.0.0.0 Safari/537.36" "-"
195.37.42.1 - - [05/Jun/2023:12:46:19 +0200] "POST /wp-cron.php?doing_wp_cron=1685961979.5547850131988525390625 HTTP/1.1" 200 5 "-" "WordPress/6.2.2; http://195.37.42.1" "-"
103.203.183.255 - - [05/Jun/2023:12:46:19 +0200] "POST /wp-admin/admin-ajax.php HTTP/1.1" 200 88 "http://195.37.42.1/wp-admin/post.php?post=25&action=elementor&active-document=12367" "Mozilla/5.0 (Macintosh; Intel Mac OS X 10_15_7) AppleWebKit/537.36 (KHTML, like Gecko) Chrome/113.0.0.0 Safari/537.36" "-"
195.37.42.1 - - [05/Jun/2023:12:47:00 +0200] "POST /wp-cron.php?doing_wp_cron=1685962020.6711630821228027343750 HTTP/1.1" 200 5 "-" "WordPress/6.2.2; http://195.37.42.1" "-"
103.203.183.255 - - [05/Jun/2023:12:47:00 +0200] "POST /wp-admin/admin-ajax.php HTTP/1.1" 200 88 "http://195.37.42.1/wp-admin/post.php?post=25&action=elementor&active-document=12367" "Mozilla/5.0 (Macintosh; Intel Mac OS X 10_15_7) AppleWebKit/537.36 (KHTML, like Gecko) Chrome/113.0.0.0 Safari/537.36" "-"
103.203.183.255 - - [05/Jun/2023:12:47:02 +0200] "GET /wp-admin/about.php HTTP/1.1" 200 128492 "http://195.37.42.1/" "Mozilla/5.0 (Macintosh; Intel Mac OS X 10_15_7) AppleWebKit/537.36 (KHTML, like Gecko) Chrome/113.0.0.0 Safari/537.36" "-"
103.203.183.255 - - [05/Jun/2023:12:47:02 +0200] "GET /wp-content/plugins/wp-optimize/css/smush-3-2-15.min.css?ver=3.2.15.1685962022 HTTP/1.1" 200 14628 "http://195.37.42.1/wp-admin/about.php" "Mozilla/5.0 (Macintosh; Intel Mac OS X 10_15_7) AppleWebKit/537.36 (KHTML, like Gecko) Chrome/113.0.0.0 Safari/537.36" "-"
103.203.183.255 - - [05/Jun/2023:12:47:02 +0200] "GET /wp-content/plugins/wp-optimize/css/wp-optimize-global-3-2-15.min.css?ver=3.2.15.1685962022 HTTP/1.1" 200 1507 "http://195.37.42.1/wp-admin/about.php" "Mozilla/5.0 (Macintosh; Intel Mac OS X 10_15_7) AppleWebKit/537.36 (KHTML, like Gecko) Chrome/113.0.0.0 Safari/537.36" "-"
103.203.183.255 - - [05/Jun/2023:12:47:02 +0200] "GET /wp-content/plugins/wp-optimize//includes/blockui/jquery.blockUI.min.js?ver=3.2.15.1685962022 HTTP/1.1" 200 9188 "http://195.37.42.1/wp-admin/about.php" "Mozilla/5.0 (Macintosh; Intel Mac OS X 10_15_7) AppleWebKit/537.36 (KHTML, like Gecko) Chrome/113.0.0.0 Safari/537.36" "-"
103.203.183.255 - - [05/Jun/2023:12:47:02 +0200] "GET /wp-content/plugins/wp-optimize/js/send-command-3-2-15.min.js?ver=3.2.15.1685962022 HTTP/1.1" 200 1853 "http://195.37.42.1/wp-admin/about.php" "Mozilla/5.0 (Macintosh; Intel Mac OS X 10_15_7) AppleWebKit/537.36 (KHTML, like Gecko) Chrome/113.0.0.0 Safari/537.36" "-"
103.203.183.255 - - [05/Jun/2023:12:47:02 +0200] "GET /wp-content/plugins/wp-optimize/js/wposmush-3-2-15.min.js?ver=3.2.15.1685962022 HTTP/1.1" 200 21108 "http://195.37.42.1/wp-admin/about.php" "Mozilla/5.0 (Macintosh; Intel Mac OS X 10_15_7) AppleWebKit/537.36 (KHTML, like Gecko) Chrome/113.0.0.0 Safari/537.36" "-"
103.203.183.255 - - [05/Jun/2023:12:47:03 +0200] "GET /wp-content/plugins/essential-addons-for-elementor-lite/assets/admin/images/ea-icon-white.svg HTTP/1.1" 304 0 "http://195.37.42.1/wp-admin/about.php" "Mozilla/5.0 (Macintosh; Intel Mac OS X 10_15_7) AppleWebKit/537.36 (KHTML, like Gecko) Chrome/113.0.0.0 Safari/537.36" "-"
103.203.183.255 - - [05/Jun/2023:12:47:03 +0200] "GET /wp-content/plugins/buddyforms/assets/resources/tk_icons/fonts/icomoon.woff HTTP/1.1" 304 0 "http://195.37.42.1/wp-content/plugins/buddyforms/assets/resources/tk_icons/style.css?ver=6.2.2" "Mozilla/5.0 (Macintosh; Intel Mac OS X 10_15_7) AppleWebKit/537.36 (KHTML, like Gecko) Chrome/113.0.0.0 Safari/537.36" "-"
103.203.183.255 - - [05/Jun/2023:12:47:10 +0200] "GET /wp-content/plugins/wp-optimize/css/wp-optimize-global-3-2-15.min.css?ver=3.2.15.1685962030 HTTP/1.1" 200 1507 "http://195.37.42.1/wp-admin/edit.php?post_type=page" "Mozilla/5.0 (Macintosh; Intel Mac OS X 10_15_7) AppleWebKit/537.36 (KHTML, like Gecko) Chrome/113.0.0.0 Safari/537.36" "-"
103.203.183.255 - - [05/Jun/2023:12:47:10 +0200] "GET /wp-content/plugins/wp-optimize/css/smush-3-2-15.min.css?ver=3.2.15.1685962030 HTTP/1.1" 200 14628 "http://195.37.42.1/wp-admin/edit.php?post_type=page" "Mozilla/5.0 (Macintosh; Intel Mac OS X 10_15_7) AppleWebKit/537.36 (KHTML, like Gecko) Chrome/113.0.0.0 Safari/537.36" "-"
103.203.183.255 - - [05/Jun/2023:12:47:10 +0200] "GET /wp-content/plugins/wp-optimize//includes/blockui/jquery.blockUI.min.js?ver=3.2.15.1685962030 HTTP/1.1" 200 9188 "http://195.37.42.1/wp-admin/edit.php?post_type=page" "Mozilla/5.0 (Macintosh; Intel Mac OS X 10_15_7) AppleWebKit/537.36 (KHTML, like Gecko) Chrome/113.0.0.0 Safari/537.36" "-"
103.203.183.255 - - [05/Jun/2023:12:47:10 +0200] "GET /wp-content/plugins/wp-optimize/js/send-command-3-2-15.min.js?ver=3.2.15.1685962030 HTTP/1.1" 200 1853 "http://195.37.42.1/wp-admin/edit.php?post_type=page" "Mozilla/5.0 (Macintosh; Intel Mac OS X 10_15_7) AppleWebKit/537.36 (KHTML, like Gecko) Chrome/113.0.0.0 Safari/537.36" "-"
103.203.183.255 - - [05/Jun/2023:12:47:10 +0200] "GET /wp-content/plugins/wp-optimize/js/wposmush-3-2-15.min.js?ver=3.2.15.1685962030 HTTP/1.1" 200 21108 "http://195.37.42.1/wp-admin/edit.php?post_type=page" "Mozilla/5.0 (Macintosh; Intel Mac OS X 10_15_7) AppleWebKit/537.36 (KHTML, like Gecko) Chrome/113.0.0.0 Safari/537.36" "-"
103.203.183.255 - - [05/Jun/2023:12:47:10 +0200] "GET /wp-admin/edit.php?post_type=page HTTP/1.1" 200 211057 "http://195.37.42.1/wp-admin/about.php" "Mozilla/5.0 (Macintosh; Intel Mac OS X 10_15_7) AppleWebKit/537.36 (KHTML, like Gecko) Chrome/113.0.0.0 Safari/537.36" "-"
195.37.42.1 - - [05/Jun/2023:12:47:11 +0200] "POST /wp-cron.php?doing_wp_cron=1685962031.1251659393310546875000 HTTP/1.1" 200 5 "-" "WordPress/6.2.2; http://195.37.42.1" "-"
103.203.183.255 - - [05/Jun/2023:12:47:11 +0200] "POST /wp-admin/admin-ajax.php HTTP/1.1" 200 58 "http://195.37.42.1/wp-admin/edit.php?post_type=page" "Mozilla/5.0 (Macintosh; Intel Mac OS X 10_15_7) AppleWebKit/537.36 (KHTML, like Gecko) Chrome/113.0.0.0 Safari/537.36" "-"
103.203.183.255 - - [05/Jun/2023:12:47:14 +0200] "GET /wp-content/plugins/wp-optimize/css/smush-3-2-15.min.css?ver=3.2.15.1685962033 HTTP/1.1" 200 14628 "http://195.37.42.1/wp-admin/edit.php?post_type=elementor_library&tabs_group=library" "Mozilla/5.0 (Macintosh; Intel Mac OS X 10_15_7) AppleWebKit/537.36 (KHTML, like Gecko) Chrome/113.0.0.0 Safari/537.36" "-"
103.203.183.255 - - [05/Jun/2023:12:47:14 +0200] "GET /wp-content/plugins/wp-optimize/css/wp-optimize-global-3-2-15.min.css?ver=3.2.15.1685962033 HTTP/1.1" 200 1507 "http://195.37.42.1/wp-admin/edit.php?post_type=elementor_library&tabs_group=library" "Mozilla/5.0 (Macintosh; Intel Mac OS X 10_15_7) AppleWebKit/537.36 (KHTML, like Gecko) Chrome/113.0.0.0 Safari/537.36" "-"
103.203.183.255 - - [05/Jun/2023:12:47:14 +0200] "GET /wp-content/plugins/wp-optimize//includes/blockui/jquery.blockUI.min.js?ver=3.2.15.1685962033 HTTP/1.1" 200 9188 "http://195.37.42.1/wp-admin/edit.php?post_type=elementor_library&tabs_group=library" "Mozilla/5.0 (Macintosh; Intel Mac OS X 10_15_7) AppleWebKit/537.36 (KHTML, like Gecko) Chrome/113.0.0.0 Safari/537.36" "-"
103.203.183.255 - - [05/Jun/2023:12:47:14 +0200] "GET /wp-content/plugins/wp-optimize/js/send-command-3-2-15.min.js?ver=3.2.15.1685962033 HTTP/1.1" 200 1853 "http://195.37.42.1/wp-admin/edit.php?post_type=elementor_library&tabs_group=library" "Mozilla/5.0 (Macintosh; Intel Mac OS X 10_15_7) AppleWebKit/537.36 (KHTML, like Gecko) Chrome/113.0.0.0 Safari/537.36" "-"
103.203.183.255 - - [05/Jun/2023:12:47:14 +0200] "GET /wp-content/plugins/wp-optimize/js/wposmush-3-2-15.min.js?ver=3.2.15.1685962033 HTTP/1.1" 200 21108 "http://195.37.42.1/wp-admin/edit.php?post_type=elementor_library&tabs_group=library" "Mozilla/5.0 (Macintosh; Intel Mac OS X 10_15_7) AppleWebKit/537.36 (KHTML, like Gecko) Chrome/113.0.0.0 Safari/537.36" "-"
103.203.183.255 - - [05/Jun/2023:12:47:14 +0200] "GET /wp-admin/edit.php?post_type=elementor_library&tabs_group=library HTTP/1.1" 200 179481 "http://195.37.42.1/wp-admin/edit.php?post_type=page" "Mozilla/5.0 (Macintosh; Intel Mac OS X 10_15_7) AppleWebKit/537.36 (KHTML, like Gecko) Chrome/113.0.0.0 Safari/537.36" "-"
195.37.42.1 - - [05/Jun/2023:12:47:15 +0200] "POST /wp-cron.php?doing_wp_cron=1685962035.3508999347686767578125 HTTP/1.1" 200 5 "-" "WordPress/6.2.2; http://195.37.42.1" "-"
103.203.183.255 - - [05/Jun/2023:12:47:15 +0200] "POST /wp-admin/admin-ajax.php HTTP/1.1" 200 58 "http://195.37.42.1/wp-admin/edit.php?post_type=elementor_library&tabs_group=library" "Mozilla/5.0 (Macintosh; Intel Mac OS X 10_15_7) AppleWebKit/537.36 (KHTML, like Gecko) Chrome/113.0.0.0 Safari/537.36" "-"
103.203.183.255 - - [05/Jun/2023:12:47:15 +0200] "POST /wp-admin/admin-ajax.php HTTP/1.1" 200 88 "http://195.37.42.1/wp-admin/post.php?post=25&action=elementor&active-document=12367" "Mozilla/5.0 (Macintosh; Intel Mac OS X 10_15_7) AppleWebKit/537.36 (KHTML, like Gecko) Chrome/113.0.0.0 Safari/537.36" "-"
103.203.183.255 - - [05/Jun/2023:12:47:25 +0200] "GET /wp-admin/admin.php?page=elementor-app&ver=3.13.3 HTTP/1.1" 499 0 "http://195.37.42.1/wp-admin/edit.php?post_type=elementor_library&tabs_group=library" "Mozilla/5.0 (Macintosh; Intel Mac OS X 10_15_7) AppleWebKit/537.36 (KHTML, like Gecko) Chrome/113.0.0.0 Safari/537.36" "-"
103.203.183.255 - - [05/Jun/2023:12:47:26 +0200] "GET /wp-admin/admin.php?page=elementor-app&ver=3.13.3 HTTP/1.1" 200 124948 "http://195.37.42.1/wp-admin/edit.php?post_type=elementor_library&tabs_group=library" "Mozilla/5.0 (Macintosh; Intel Mac OS X 10_15_7) AppleWebKit/537.36 (KHTML, like Gecko) Chrome/113.0.0.0 Safari/537.36" "-"
195.37.42.1 - - [05/Jun/2023:12:47:27 +0200] "POST /wp-cron.php?doing_wp_cron=1685962047.4020819664001464843750 HTTP/1.1" 200 5 "-" "WordPress/6.2.2; http://195.37.42.1" "-"
103.203.183.255 - - [05/Jun/2023:12:47:27 +0200] "POST /wp-admin/admin-ajax.php HTTP/1.1" 200 1849 "http://195.37.42.1/wp-admin/admin.php?page=elementor-app&ver=3.13.3" "Mozilla/5.0 (Macintosh; Intel Mac OS X 10_15_7) AppleWebKit/537.36 (KHTML, like Gecko) Chrome/113.0.0.0 Safari/537.36" "-"
103.203.183.255 - - [05/Jun/2023:12:47:28 +0200] "GET /wp-json/elementor/v1/site-editor/templates HTTP/1.1" 200 48836 "http://195.37.42.1/wp-admin/admin.php?page=elementor-app&ver=3.13.3" "Mozilla/5.0 (Macintosh; Intel Mac OS X 10_15_7) AppleWebKit/537.36 (KHTML, like Gecko) Chrome/113.0.0.0 Safari/537.36" "-"
103.203.183.255 - - [05/Jun/2023:12:47:29 +0200] "GET /wp-content/uploads/elementor/screenshots/Elementor-post-screenshot_4044_2023-03-22-14-40-09_3b684e56.png HTTP/1.1" 200 509892 "http://195.37.42.1/wp-admin/admin.php?page=elementor-app&ver=3.13.3" "Mozilla/5.0 (Macintosh; Intel Mac OS X 10_15_7) AppleWebKit/537.36 (KHTML, like Gecko) Chrome/113.0.0.0 Safari/537.36" "-"
103.203.183.255 - - [05/Jun/2023:12:47:30 +0200] "GET /?elementor_library=elementor-loop-item&post_id=11759&render_mode=screenshot&render_mode_nonce=78d1debe77&ver=1685962048 HTTP/1.1" 200 183303 "http://195.37.42.1/wp-admin/admin.php?page=elementor-app&ver=3.13.3" "Mozilla/5.0 (Macintosh; Intel Mac OS X 10_15_7) AppleWebKit/537.36 (KHTML, like Gecko) Chrome/113.0.0.0 Safari/537.36" "-"
195.37.42.1 - - [05/Jun/2023:12:47:30 +0200] "POST /wp-cron.php?doing_wp_cron=1685962050.8408589363098144531250 HTTP/1.1" 200 5 "-" "WordPress/6.2.2; http://195.37.42.1" "-"
103.203.183.255 - - [05/Jun/2023:12:47:30 +0200] "POST /wp-admin/admin-ajax.php HTTP/1.1" 200 88 "http://195.37.42.1/wp-admin/post.php?post=25&action=elementor&active-document=12367" "Mozilla/5.0 (Macintosh; Intel Mac OS X 10_15_7) AppleWebKit/537.36 (KHTML, like Gecko) Chrome/113.0.0.0 Safari/537.36" "-"
103.203.183.255 - - [05/Jun/2023:12:47:31 +0200] "GET /?screenshot_proxy&nonce=0b050ae09f&href=https://fonts.googleapis.com/css?family=Roboto%7COpen+Sans%3A400%2C600&display=swap HTTP/1.1" 200 682 "http://195.37.42.1/?elementor_library=elementor-loop-item&post_id=11759&render_mode=screenshot&render_mode_nonce=78d1debe77&ver=1685962048" "Mozilla/5.0 (Macintosh; Intel Mac OS X 10_15_7) AppleWebKit/537.36 (KHTML, like Gecko) Chrome/113.0.0.0 Safari/537.36" "-"
103.203.183.255 - - [05/Jun/2023:12:47:31 +0200] "GET /?screenshot_proxy&nonce=0b050ae09f&href=https://fonts.googleapis.com/css?family=Roboto%3A100%2C100italic%2C200%2C200italic%2C300%2C300italic%2C400%2C400italic%2C500%2C500italic%2C600%2C600italic%2C700%2C700italic%2C800%2C800italic%2C900%2C900italic%7CRubik%3A100%2C100italic%2C200%2C200italic%2C300%2C300italic%2C400%2C400italic%2C500%2C500italic%2C600%2C600italic%2C700%2C700italic%2C800%2C800italic%2C900%2C900italic&display=auto&ver=6.2.2 HTTP/1.1" 200 4914 "http://195.37.42.1/?elementor_library=elementor-loop-item&post_id=11759&render_mode=screenshot&render_mode_nonce=78d1debe77&ver=1685962048" "Mozilla/5.0 (Macintosh; Intel Mac OS X 10_15_7) AppleWebKit/537.36 (KHTML, like Gecko) Chrome/113.0.0.0 Safari/537.36" "-"
103.203.183.255 - - [05/Jun/2023:12:47:34 +0200] "GET /?elementor_library=elementor-loop-item-10890&post_id=10890&render_mode=template-preview&render_mode_nonce=93a4294e06&ver=1685962048 HTTP/1.1" 200 180562 "http://195.37.42.1/wp-admin/admin.php?page=elementor-app&ver=3.13.3" "Mozilla/5.0 (Macintosh; Intel Mac OS X 10_15_7) AppleWebKit/537.36 (KHTML, like Gecko) Chrome/113.0.0.0 Safari/537.36" "-"
103.203.183.255 - - [05/Jun/2023:12:47:35 +0200] "GET /?elementor_library=2-versuch&post_id=10799&render_mode=template-preview&render_mode_nonce=878fcab949&ver=1685962048 HTTP/1.1" 200 184049 "http://195.37.42.1/wp-admin/admin.php?page=elementor-app&ver=3.13.3" "Mozilla/5.0 (Macintosh; Intel Mac OS X 10_15_7) AppleWebKit/537.36 (KHTML, like Gecko) Chrome/113.0.0.0 Safari/537.36" "-"
103.203.183.255 - - [05/Jun/2023:12:47:35 +0200] "GET /?elementor_library=elementor-loop-item-2&post_id=11050&render_mode=template-preview&render_mode_nonce=e41b04b13c&ver=1685962048 HTTP/1.1" 200 183769 "http://195.37.42.1/wp-admin/admin.php?page=elementor-app&ver=3.13.3" "Mozilla/5.0 (Macintosh; Intel Mac OS X 10_15_7) AppleWebKit/537.36 (KHTML, like Gecko) Chrome/113.0.0.0 Safari/537.36" "-"
103.203.183.255 - - [05/Jun/2023:12:47:35 +0200] "GET /?elementor_library=pressemitteilung-4&post_id=11331&render_mode=template-preview&render_mode_nonce=f0322c0994&ver=1685962048 HTTP/1.1" 200 183568 "http://195.37.42.1/wp-admin/admin.php?page=elementor-app&ver=3.13.3" "Mozilla/5.0 (Macintosh; Intel Mac OS X 10_15_7) AppleWebKit/537.36 (KHTML, like Gecko) Chrome/113.0.0.0 Safari/537.36" "-"
103.203.183.255 - - [05/Jun/2023:12:47:35 +0200] "GET /?elementor_library=elementor-loop-item&post_id=11759&render_mode=template-preview&render_mode_nonce=78d1debe77&ver=1685962048 HTTP/1.1" 200 182632 "http://195.37.42.1/wp-admin/admin.php?page=elementor-app&ver=3.13.3" "Mozilla/5.0 (Macintosh; Intel Mac OS X 10_15_7) AppleWebKit/537.36 (KHTML, like Gecko) Chrome/113.0.0.0 Safari/537.36" "-"
103.203.183.255 - - [05/Jun/2023:12:47:36 +0200] "GET /?elementor_library=elementor-loop-item-3&post_id=12262&render_mode=template-preview&render_mode_nonce=bd669ca98a&ver=1685962048 HTTP/1.1" 200 181725 "http://195.37.42.1/wp-admin/admin.php?page=elementor-app&ver=3.13.3" "Mozilla/5.0 (Macintosh; Intel Mac OS X 10_15_7) AppleWebKit/537.36 (KHTML, like Gecko) Chrome/113.0.0.0 Safari/537.36" "-"
103.203.183.255 - - [05/Jun/2023:12:47:36 +0200] "GET /?elementor_library=elementor-loop-item-4&post_id=12367&render_mode=template-preview&render_mode_nonce=56a5ce90d4&ver=1685962048 HTTP/1.1" 200 184100 "http://195.37.42.1/wp-admin/admin.php?page=elementor-app&ver=3.13.3" "Mozilla/5.0 (Macintosh; Intel Mac OS X 10_15_7) AppleWebKit/537.36 (KHTML, like Gecko) Chrome/113.0.0.0 Safari/537.36" "-"
103.203.183.255 - - [05/Jun/2023:12:47:36 +0200] "GET /?elementor_library=blog-elementor&post_id=3002&render_mode=template-preview&render_mode_nonce=dee4032186&ver=1685962048 HTTP/1.1" 200 180245 "http://195.37.42.1/wp-admin/admin.php?page=elementor-app&ver=3.13.3" "Mozilla/5.0 (Macintosh; Intel Mac OS X 10_15_7) AppleWebKit/537.36 (KHTML, like Gecko) Chrome/113.0.0.0 Safari/537.36" "-"
103.203.183.255 - - [05/Jun/2023:12:47:36 +0200] "GET /?elementor_library=elementor-loop-item-5&post_id=12937&render_mode=template-preview&render_mode_nonce=0b69e31d68&ver=1685962048 HTTP/1.1" 200 182542 "http://195.37.42.1/wp-admin/admin.php?page=elementor-app&ver=3.13.3" "Mozilla/5.0 (Macintosh; Intel Mac OS X 10_15_7) AppleWebKit/537.36 (KHTML, like Gecko) Chrome/113.0.0.0 Safari/537.36" "-"
103.203.183.255 - - [05/Jun/2023:12:47:37 +0200] "GET /?elementor_library=blogbeitrag&post_id=12928&render_mode=template-preview&render_mode_nonce=0d50891cad&ver=1685962048 HTTP/1.1" 200 182897 "http://195.37.42.1/wp-admin/admin.php?page=elementor-app&ver=3.13.3" "Mozilla/5.0 (Macintosh; Intel Mac OS X 10_15_7) AppleWebKit/537.36 (KHTML, like Gecko) Chrome/113.0.0.0 Safari/537.36" "-"
103.203.183.255 - - [05/Jun/2023:12:47:37 +0200] "GET /?elementor_library=elementor-loop-item-12955&post_id=12955&render_mode=template-preview&render_mode_nonce=eb252c2a53&ver=1685962048 HTTP/1.1" 200 182621 "http://195.37.42.1/wp-admin/admin.php?page=elementor-app&ver=3.13.3" "Mozilla/5.0 (Macintosh; Intel Mac OS X 10_15_7) AppleWebKit/537.36 (KHTML, like Gecko) Chrome/113.0.0.0 Safari/537.36" "-"
103.203.183.255 - - [05/Jun/2023:12:47:38 +0200] "GET /?elementor_library=artikel-seite&post_id=13172&render_mode=template-preview&render_mode_nonce=f6c6f189be&ver=1685962048 HTTP/1.1" 200 183730 "http://195.37.42.1/wp-admin/admin.php?page=elementor-app&ver=3.13.3" "Mozilla/5.0 (Macintosh; Intel Mac OS X 10_15_7) AppleWebKit/537.36 (KHTML, like Gecko) Chrome/113.0.0.0 Safari/537.36" "-"
103.203.183.255 - - [05/Jun/2023:12:47:38 +0200] "GET /?elementor_library=123&post_id=12964&render_mode=template-preview&render_mode_nonce=46d0bcd253&ver=1685962048 HTTP/1.1" 200 184113 "http://195.37.42.1/wp-admin/admin.php?page=elementor-app&ver=3.13.3" "Mozilla/5.0 (Macintosh; Intel Mac OS X 10_15_7) AppleWebKit/537.36 (KHTML, like Gecko) Chrome/113.0.0.0 Safari/537.36" "-"
103.203.183.255 - - [05/Jun/2023:12:47:38 +0200] "GET /?elementor_library=beitraege-4-stk&post_id=13077&render_mode=template-preview&render_mode_nonce=604d44a7a0&ver=1685962048 HTTP/1.1" 200 182390 "http://195.37.42.1/wp-admin/admin.php?page=elementor-app&ver=3.13.3" "Mozilla/5.0 (Macintosh; Intel Mac OS X 10_15_7) AppleWebKit/537.36 (KHTML, like Gecko) Chrome/113.0.0.0 Safari/537.36" "-"
103.203.183.255 - - [05/Jun/2023:12:47:38 +0200] "GET /?elementor_library=beitraege-neu&post_id=12980&render_mode=template-preview&render_mode_nonce=bcb62cf817&ver=1685962048 HTTP/1.1" 200 182398 "http://195.37.42.1/wp-admin/admin.php?page=elementor-app&ver=3.13.3" "Mozilla/5.0 (Macintosh; Intel Mac OS X 10_15_7) AppleWebKit/537.36 (KHTML, like Gecko) Chrome/113.0.0.0 Safari/537.36" "-"
103.203.183.255 - - [05/Jun/2023:12:47:38 +0200] "GET /?elementor_library=pressemitteilung-2-2&post_id=13174&render_mode=template-preview&render_mode_nonce=cb958d3249&ver=1685962048 HTTP/1.1" 200 182565 "http://195.37.42.1/wp-admin/admin.php?page=elementor-app&ver=3.13.3" "Mozilla/5.0 (Macintosh; Intel Mac OS X 10_15_7) AppleWebKit/537.36 (KHTML, like Gecko) Chrome/113.0.0.0 Safari/537.36" "-"
103.203.183.255 - - [05/Jun/2023:12:47:39 +0200] "GET /?elementor_library=pressemitteilung-3-2&post_id=13188&render_mode=template-preview&render_mode_nonce=ec6e573959&ver=1685962048 HTTP/1.1" 200 182268 "http://195.37.42.1/wp-admin/admin.php?page=elementor-app&ver=3.13.3" "Mozilla/5.0 (Macintosh; Intel Mac OS X 10_15_7) AppleWebKit/537.36 (KHTML, like Gecko) Chrome/113.0.0.0 Safari/537.36" "-"
103.203.183.255 - - [05/Jun/2023:12:47:39 +0200] "GET /wp-content/uploads/elementor/css/post-12928.css?ver=1685639691 HTTP/1.1" 404 571 "http://195.37.42.1/?elementor_library=blogbeitrag&post_id=12928&render_mode=template-preview&render_mode_nonce=0d50891cad&ver=1685962048" "Mozilla/5.0 (Macintosh; Intel Mac OS X 10_15_7) AppleWebKit/537.36 (KHTML, like Gecko) Chrome/113.0.0.0 Safari/537.36" "-"
103.203.183.255 - - [05/Jun/2023:12:47:39 +0200] "GET /wp-content/uploads/elementor/css/post-12937.css?ver=1685742963 HTTP/1.1" 404 571 "http://195.37.42.1/?elementor_library=elementor-loop-item-5&post_id=12937&render_mode=template-preview&render_mode_nonce=0b69e31d68&ver=1685962048" "Mozilla/5.0 (Macintosh; Intel Mac OS X 10_15_7) AppleWebKit/537.36 (KHTML, like Gecko) Chrome/113.0.0.0 Safari/537.36" "-"
103.203.183.255 - - [05/Jun/2023:12:47:39 +0200] "GET /wp-content/uploads/elementor/css/post-12955.css?ver=1685658332 HTTP/1.1" 404 571 "http://195.37.42.1/?elementor_library=elementor-loop-item-12955&post_id=12955&render_mode=template-preview&render_mode_nonce=eb252c2a53&ver=1685962048" "Mozilla/5.0 (Macintosh; Intel Mac OS X 10_15_7) AppleWebKit/537.36 (KHTML, like Gecko) Chrome/113.0.0.0 Safari/537.36" "-"
103.203.183.255 - - [05/Jun/2023:12:47:39 +0200] "GET /?elementor_library=elementor-loop-item-13251&post_id=13251&render_mode=template-preview&render_mode_nonce=04e24fc9fb&ver=1685962048 HTTP/1.1" 200 182013 "http://195.37.42.1/wp-admin/admin.php?page=elementor-app&ver=3.13.3" "Mozilla/5.0 (Macintosh; Intel Mac OS X 10_15_7) AppleWebKit/537.36 (KHTML, like Gecko) Chrome/113.0.0.0 Safari/537.36" "-"
103.203.183.255 - - [05/Jun/2023:12:47:39 +0200] "GET /?elementor_library=elementor-loop-item-6&post_id=13289&render_mode=template-preview&render_mode_nonce=3e150d2405&ver=1685962048 HTTP/1.1" 200 184199 "http://195.37.42.1/wp-admin/admin.php?page=elementor-app&ver=3.13.3" "Mozilla/5.0 (Macintosh; Intel Mac OS X 10_15_7) AppleWebKit/537.36 (KHTML, like Gecko) Chrome/113.0.0.0 Safari/537.36" "-"
103.203.183.255 - - [05/Jun/2023:12:47:39 +0200] "GET /wp-content/uploads/elementor/css/post-13077.css?ver=1685826580 HTTP/1.1" 404 571 "http://195.37.42.1/?elementor_library=beitraege-4-stk&post_id=13077&render_mode=template-preview&render_mode_nonce=604d44a7a0&ver=1685962048" "Mozilla/5.0 (Macintosh; Intel Mac OS X 10_15_7) AppleWebKit/537.36 (KHTML, like Gecko) Chrome/113.0.0.0 Safari/537.36" "-"
103.203.183.255 - - [05/Jun/2023:12:47:39 +0200] "GET /wp-content/uploads/elementor/css/post-13172.css?ver=1685907465 HTTP/1.1" 404 571 "http://195.37.42.1/?elementor_library=artikel-seite&post_id=13172&render_mode=template-preview&render_mode_nonce=f6c6f189be&ver=1685962048" "Mozilla/5.0 (Macintosh; Intel Mac OS X 10_15_7) AppleWebKit/537.36 (KHTML, like Gecko) Chrome/113.0.0.0 Safari/537.36" "-"
103.203.183.255 - - [05/Jun/2023:12:47:40 +0200] "GET /wp-content/uploads/elementor/css/post-13174.css?ver=1685893276 HTTP/1.1" 404 571 "http://195.37.42.1/?elementor_library=pressemitteilung-2-2&post_id=13174&render_mode=template-preview&render_mode_nonce=cb958d3249&ver=1685962048" "Mozilla/5.0 (Macintosh; Intel Mac OS X 10_15_7) AppleWebKit/537.36 (KHTML, like Gecko) Chrome/113.0.0.0 Safari/537.36" "-"
103.203.183.255 - - [05/Jun/2023:12:47:40 +0200] "GET /wp-content/uploads/elementor/css/post-13188.css?ver=1685896419 HTTP/1.1" 404 571 "http://195.37.42.1/?elementor_library=pressemitteilung-3-2&post_id=13188&render_mode=template-preview&render_mode_nonce=ec6e573959&ver=1685962048" "Mozilla/5.0 (Macintosh; Intel Mac OS X 10_15_7) AppleWebKit/537.36 (KHTML, like Gecko) Chrome/113.0.0.0 Safari/537.36" "-"
103.203.183.255 - - [05/Jun/2023:12:47:40 +0200] "GET /wp-content/uploads/elementor/css/post-13251.css?ver=1685903486 HTTP/1.1" 404 571 "http://195.37.42.1/?elementor_library=elementor-loop-item-13251&post_id=13251&render_mode=template-preview&render_mode_nonce=04e24fc9fb&ver=1685962048" "Mozilla/5.0 (Macintosh; Intel Mac OS X 10_15_7) AppleWebKit/537.36 (KHTML, like Gecko) Chrome/113.0.0.0 Safari/537.36" "-"
103.203.183.255 - - [05/Jun/2023:12:47:40 +0200] "GET /wp-content/plugins/wp-event-manager/assets/fonts/wp-event-manager.ttf?oiy7qg HTTP/1.1" 304 0 "http://195.37.42.1/?elementor_library=elementor-loop-item&post_id=11759&render_mode=screenshot&render_mode_nonce=78d1debe77&ver=1685962048" "Mozilla/5.0 (Macintosh; Intel Mac OS X 10_15_7) AppleWebKit/537.36 (KHTML, like Gecko) Chrome/113.0.0.0 Safari/537.36" "-"
103.203.183.255 - - [05/Jun/2023:12:47:40 +0200] "GET /wp-content/plugins/ultimate-member/assets/font/ionicons.woff?v=2.0.0 HTTP/1.1" 304 0 "http://195.37.42.1/?elementor_library=elementor-loop-item&post_id=11759&render_mode=screenshot&render_mode_nonce=78d1debe77&ver=1685962048" "Mozilla/5.0 (Macintosh; Intel Mac OS X 10_15_7) AppleWebKit/537.36 (KHTML, like Gecko) Chrome/113.0.0.0 Safari/537.36" "-"
103.203.183.255 - - [05/Jun/2023:12:47:40 +0200] "GET /wp-content/plugins/ultimate-member/assets/font/raty.woff HTTP/1.1" 304 0 "http://195.37.42.1/?elementor_library=elementor-loop-item&post_id=11759&render_mode=screenshot&render_mode_nonce=78d1debe77&ver=1685962048" "Mozilla/5.0 (Macintosh; Intel Mac OS X 10_15_7) AppleWebKit/537.36 (KHTML, like Gecko) Chrome/113.0.0.0 Safari/537.36" "-"
103.203.183.255 - - [05/Jun/2023:12:47:40 +0200] "GET /wp-content/plugins/buddyforms/assets/resources/tk_icons/fonts/icomoon.ttf HTTP/1.1" 304 0 "http://195.37.42.1/?elementor_library=elementor-loop-item&post_id=11759&render_mode=screenshot&render_mode_nonce=78d1debe77&ver=1685962048" "Mozilla/5.0 (Macintosh; Intel Mac OS X 10_15_7) AppleWebKit/537.36 (KHTML, like Gecko) Chrome/113.0.0.0 Safari/537.36" "-"
103.203.183.255 - - [05/Jun/2023:12:47:40 +0200] "GET /wp-content/uploads/elementor/css/post-13289.css?ver=1685905476 HTTP/1.1" 404 571 "http://195.37.42.1/?elementor_library=elementor-loop-item-6&post_id=13289&render_mode=template-preview&render_mode_nonce=3e150d2405&ver=1685962048" "Mozilla/5.0 (Macintosh; Intel Mac OS X 10_15_7) AppleWebKit/537.36 (KHTML, like Gecko) Chrome/113.0.0.0 Safari/537.36" "-"
103.203.183.255 - - [05/Jun/2023:12:47:42 +0200] "GET /wp-content/uploads/2023/04/city-4991094_1920.jpg HTTP/1.1" 200 688419 "http://195.37.42.1/?elementor_library=pressemitteilung-4&post_id=11331&render_mode=template-preview&render_mode_nonce=f0322c0994&ver=1685962048" "Mozilla/5.0 (Macintosh; Intel Mac OS X 10_15_7) AppleWebKit/537.36 (KHTML, like Gecko) Chrome/113.0.0.0 Safari/537.36" "-"
103.203.183.255 - - [05/Jun/2023:12:47:43 +0200] "GET /wp-content/plugins/wp-optimize/css/smush-3-2-15.min.css?ver=3.2.15.1685962061 HTTP/1.1" 200 14628 "http://195.37.42.1/wp-admin/post.php?post=11759&action=elementor" "Mozilla/5.0 (Macintosh; Intel Mac OS X 10_15_7) AppleWebKit/537.36 (KHTML, like Gecko) Chrome/113.0.0.0 Safari/537.36" "-"
103.203.183.255 - - [05/Jun/2023:12:47:43 +0200] "GET /wp-content/plugins/wp-optimize//includes/blockui/jquery.blockUI.min.js?ver=3.2.15.1685962061 HTTP/1.1" 200 9188 "http://195.37.42.1/wp-admin/post.php?post=11759&action=elementor" "Mozilla/5.0 (Macintosh; Intel Mac OS X 10_15_7) AppleWebKit/537.36 (KHTML, like Gecko) Chrome/113.0.0.0 Safari/537.36" "-"
103.203.183.255 - - [05/Jun/2023:12:47:45 +0200] "GET /wp-content/plugins/wp-optimize/css/smush-3-2-15.min.css?ver=3.2.15.1685962064 HTTP/1.1" 200 14628 "http://195.37.42.1/wp-admin/post.php?post=11759&action=elementor" "Mozilla/5.0 (Macintosh; Intel Mac OS X 10_15_7) AppleWebKit/537.36 (KHTML, like Gecko) Chrome/113.0.0.0 Safari/537.36" "-"
103.203.183.255 - - [05/Jun/2023:12:47:45 +0200] "GET /wp-admin/post.php?post=11759&action=elementor HTTP/1.1" 200 2102495 "http://195.37.42.1/wp-admin/admin.php?page=elementor-app&ver=3.13.3" "Mozilla/5.0 (Macintosh; Intel Mac OS X 10_15_7) AppleWebKit/537.36 (KHTML, like Gecko) Chrome/113.0.0.0 Safari/537.36" "-"
195.37.42.1 - - [05/Jun/2023:12:47:45 +0200] "POST /wp-cron.php?doing_wp_cron=1685962065.7630310058593750000000 HTTP/1.1" 200 5 "-" "WordPress/6.2.2; http://195.37.42.1" "-"
103.203.183.255 - - [05/Jun/2023:12:47:45 +0200] "POST /wp-admin/admin-ajax.php HTTP/1.1" 200 88 "http://195.37.42.1/wp-admin/post.php?post=25&action=elementor&active-document=12367" "Mozilla/5.0 (Macintosh; Intel Mac OS X 10_15_7) AppleWebKit/537.36 (KHTML, like Gecko) Chrome/113.0.0.0 Safari/537.36" "-"
103.203.183.255 - - [05/Jun/2023:12:47:46 +0200] "GET /wp-content/plugins/wp-optimize//includes/blockui/jquery.blockUI.min.js?ver=3.2.15.1685962064 HTTP/1.1" 200 9188 "http://195.37.42.1/wp-admin/post.php?post=11759&action=elementor" "Mozilla/5.0 (Macintosh; Intel Mac OS X 10_15_7) AppleWebKit/537.36 (KHTML, like Gecko) Chrome/113.0.0.0 Safari/537.36" "-"
103.203.183.255 - - [05/Jun/2023:12:47:46 +0200] "GET /wp-json/elementor/v1/global-widget/templates HTTP/1.1" 200 12 "http://195.37.42.1/wp-admin/post.php?post=11759&action=elementor" "Mozilla/5.0 (Macintosh; Intel Mac OS X 10_15_7) AppleWebKit/537.36 (KHTML, like Gecko) Chrome/113.0.0.0 Safari/537.36" "-"
103.203.183.255 - - [05/Jun/2023:12:47:46 +0200] "GET /?elementor_library=elementor-loop-item&elementor-preview=11759&ver=1685962062 HTTP/1.1" 200 173506 "http://195.37.42.1/wp-admin/post.php?post=11759&action=elementor" "Mozilla/5.0 (Macintosh; Intel Mac OS X 10_15_7) AppleWebKit/537.36 (KHTML, like Gecko) Chrome/113.0.0.0 Safari/537.36" "-"
195.37.42.1 - - [05/Jun/2023:12:47:46 +0200] "POST /wp-cron.php?doing_wp_cron=1685962066.9576020240783691406250 HTTP/1.1" 200 5 "-" "WordPress/6.2.2; http://195.37.42.1" "-"
103.203.183.255 - - [05/Jun/2023:12:47:47 +0200] "GET /wp-json/elementor/v1/kit-elements-defaults HTTP/1.1" 200 12 "http://195.37.42.1/wp-admin/post.php?post=11759&action=elementor" "Mozilla/5.0 (Macintosh; Intel Mac OS X 10_15_7) AppleWebKit/537.36 (KHTML, like Gecko) Chrome/113.0.0.0 Safari/537.36" "-"
103.203.183.255 - - [05/Jun/2023:12:47:47 +0200] "POST /wp-admin/admin-ajax.php HTTP/1.1" 200 88 "http://195.37.42.1/wp-admin/post.php?post=11759&action=elementor" "Mozilla/5.0 (Macintosh; Intel Mac OS X 10_15_7) AppleWebKit/537.36 (KHTML, like Gecko) Chrome/113.0.0.0 Safari/537.36" "-"
103.203.183.255 - - [05/Jun/2023:12:47:48 +0200] "GET /wp-content/uploads/essential-addons-elementor/eael.js?ver=1685968994 HTTP/1.1" 200 976864 "http://195.37.42.1/?elementor_library=elementor-loop-item&elementor-preview=11759&ver=1685962062" "Mozilla/5.0 (Macintosh; Intel Mac OS X 10_15_7) AppleWebKit/537.36 (KHTML, like Gecko) Chrome/113.0.0.0 Safari/537.36" "-"
103.203.183.255 - - [05/Jun/2023:12:47:49 +0200] "GET /wp-admin/post.php?post=11759&action=elementor HTTP/1.1" 200 2102495 "http://195.37.42.1/wp-admin/admin.php?page=elementor-app&ver=3.13.3" "Mozilla/5.0 (Macintosh; Intel Mac OS X 10_15_7) AppleWebKit/537.36 (KHTML, like Gecko) Chrome/113.0.0.0 Safari/537.36" "-"
195.37.42.1 - - [05/Jun/2023:12:47:50 +0200] "POST /wp-cron.php?doing_wp_cron=1685962070.3520729541778564453125 HTTP/1.1" 200 5 "-" "WordPress/6.2.2; http://195.37.42.1" "-"
103.203.183.255 - - [05/Jun/2023:12:47:50 +0200] "POST /wp-admin/admin-ajax.php HTTP/1.1" 200 1849 "http://195.37.42.1/wp-admin/admin.php?page=elementor-app&ver=3.13.3" "Mozilla/5.0 (Macintosh; Intel Mac OS X 10_15_7) AppleWebKit/537.36 (KHTML, like Gecko) Chrome/113.0.0.0 Safari/537.36" "-"
103.203.183.255 - - [05/Jun/2023:12:47:51 +0200] "POST /wp-admin/admin-ajax.php HTTP/1.1" 200 201360 "http://195.37.42.1/wp-admin/post.php?post=11759&action=elementor" "Mozilla/5.0 (Macintosh; Intel Mac OS X 10_15_7) AppleWebKit/537.36 (KHTML, like Gecko) Chrome/113.0.0.0 Safari/537.36" "-"
103.203.183.255 - - [05/Jun/2023:12:47:51 +0200] "GET /wp-content/uploads/essential-addons-elementor/eael.css?ver=1685968994 HTTP/1.1" 200 136976 "http://195.37.42.1/?elementor_library=elementor-loop-item&elementor-preview=11759&ver=1685962062" "Mozilla/5.0 (Macintosh; Intel Mac OS X 10_15_7) AppleWebKit/537.36 (KHTML, like Gecko) Chrome/113.0.0.0 Safari/537.36" "-"
103.203.183.255 - - [05/Jun/2023:12:47:51 +0200] "GET /wp-json/elementor/v1/global-widget/templates HTTP/1.1" 200 12 "http://195.37.42.1/wp-admin/post.php?post=11759&action=elementor" "Mozilla/5.0 (Macintosh; Intel Mac OS X 10_15_7) AppleWebKit/537.36 (KHTML, like Gecko) Chrome/113.0.0.0 Safari/537.36" "-"
103.203.183.255 - - [05/Jun/2023:12:47:51 +0200] "GET /?elementor_library=elementor-loop-item&elementor-preview=11759&ver=1685962064 HTTP/1.1" 200 173506 "http://195.37.42.1/wp-admin/post.php?post=11759&action=elementor" "Mozilla/5.0 (Macintosh; Intel Mac OS X 10_15_7) AppleWebKit/537.36 (KHTML, like Gecko) Chrome/113.0.0.0 Safari/537.36" "-"
103.203.183.255 - - [05/Jun/2023:12:47:51 +0200] "GET /wp-json/elementor/v1/kit-elements-defaults HTTP/1.1" 200 12 "http://195.37.42.1/wp-admin/post.php?post=11759&action=elementor" "Mozilla/5.0 (Macintosh; Intel Mac OS X 10_15_7) AppleWebKit/537.36 (KHTML, like Gecko) Chrome/113.0.0.0 Safari/537.36" "-"
195.37.42.1 - - [05/Jun/2023:12:47:51 +0200] "POST /wp-cron.php?doing_wp_cron=1685962071.6687529087066650390625 HTTP/1.1" 200 5 "-" "WordPress/6.2.2; http://195.37.42.1" "-"
103.203.183.255 - - [05/Jun/2023:12:47:51 +0200] "POST /wp-admin/admin-ajax.php HTTP/1.1" 200 88 "http://195.37.42.1/wp-admin/post.php?post=11759&action=elementor" "Mozilla/5.0 (Macintosh; Intel Mac OS X 10_15_7) AppleWebKit/537.36 (KHTML, like Gecko) Chrome/113.0.0.0 Safari/537.36" "-"
103.203.183.255 - - [05/Jun/2023:12:47:51 +0200] "GET /wp-content/uploads/essential-addons-elementor/eael.css?ver=1685968994 HTTP/1.1" 206 1 "http://195.37.42.1/?elementor_library=elementor-loop-item&elementor-preview=11759&ver=1685962064" "Mozilla/5.0 (Macintosh; Intel Mac OS X 10_15_7) AppleWebKit/537.36 (KHTML, like Gecko) Chrome/113.0.0.0 Safari/537.36" "-"
103.203.183.255 - - [05/Jun/2023:12:47:52 +0200] "GET /wp-json/elementor/v1/site-editor/templates HTTP/1.1" 200 48836 "http://195.37.42.1/wp-admin/admin.php?page=elementor-app&ver=3.13.3" "Mozilla/5.0 (Macintosh; Intel Mac OS X 10_15_7) AppleWebKit/537.36 (KHTML, like Gecko) Chrome/113.0.0.0 Safari/537.36" "-"
103.203.183.255 - - [05/Jun/2023:12:47:52 +0200] "GET /wp-content/uploads/essential-addons-elementor/eael.js?ver=1685968994 HTTP/1.1" 200 1406080 "http://195.37.42.1/?elementor_library=elementor-loop-item&elementor-preview=11759&ver=1685962064" "Mozilla/5.0 (Macintosh; Intel Mac OS X 10_15_7) AppleWebKit/537.36 (KHTML, like Gecko) Chrome/113.0.0.0 Safari/537.36" "-"
195.37.42.1 - - [05/Jun/2023:12:47:52 +0200] "POST /wp-cron.php?doing_wp_cron=1685962072.5455689430236816406250 HTTP/1.1" 200 5 "-" "WordPress/6.2.2; http://195.37.42.1" "-"
103.203.183.255 - - [05/Jun/2023:12:47:55 +0200] "POST /wp-admin/admin-ajax.php HTTP/1.1" 200 742492 "http://195.37.42.1/wp-admin/post.php?post=11759&action=elementor" "Mozilla/5.0 (Macintosh; Intel Mac OS X 10_15_7) AppleWebKit/537.36 (KHTML, like Gecko) Chrome/113.0.0.0 Safari/537.36" "-"
103.203.183.255 - - [05/Jun/2023:12:47:55 +0200] "GET /?elementor_library=elementor-loop-item-10890&post_id=10890&render_mode=template-preview&render_mode_nonce=93a4294e06&ver=1685962072 HTTP/1.1" 200 180562 "http://195.37.42.1/wp-admin/admin.php?page=elementor-app&ver=3.13.3" "Mozilla/5.0 (Macintosh; Intel Mac OS X 10_15_7) AppleWebKit/537.36 (KHTML, like Gecko) Chrome/113.0.0.0 Safari/537.36" "-"
103.203.183.255 - - [05/Jun/2023:12:47:55 +0200] "GET /?elementor_library=2-versuch&post_id=10799&render_mode=template-preview&render_mode_nonce=878fcab949&ver=1685962072 HTTP/1.1" 200 184158 "http://195.37.42.1/wp-admin/admin.php?page=elementor-app&ver=3.13.3" "Mozilla/5.0 (Macintosh; Intel Mac OS X 10_15_7) AppleWebKit/537.36 (KHTML, like Gecko) Chrome/113.0.0.0 Safari/537.36" "-"
103.203.183.255 - - [05/Jun/2023:12:47:56 +0200] "GET /?elementor_library=blog-elementor&post_id=3002&render_mode=template-preview&render_mode_nonce=dee4032186&ver=1685962072 HTTP/1.1" 200 180245 "http://195.37.42.1/wp-admin/admin.php?page=elementor-app&ver=3.13.3" "Mozilla/5.0 (Macintosh; Intel Mac OS X 10_15_7) AppleWebKit/537.36 (KHTML, like Gecko) Chrome/113.0.0.0 Safari/537.36" "-"
103.203.183.255 - - [05/Jun/2023:12:47:56 +0200] "GET /?elementor_library=pressemitteilung-4&post_id=11331&render_mode=template-preview&render_mode_nonce=f0322c0994&ver=1685962071 HTTP/1.1" 200 183662 "http://195.37.42.1/wp-admin/admin.php?page=elementor-app&ver=3.13.3" "Mozilla/5.0 (Macintosh; Intel Mac OS X 10_15_7) AppleWebKit/537.36 (KHTML, like Gecko) Chrome/113.0.0.0 Safari/537.36" "-"
103.203.183.255 - - [05/Jun/2023:12:47:56 +0200] "GET /?elementor_library=elementor-loop-item-2&post_id=11050&render_mode=template-preview&render_mode_nonce=e41b04b13c&ver=1685962071 HTTP/1.1" 200 183871 "http://195.37.42.1/wp-admin/admin.php?page=elementor-app&ver=3.13.3" "Mozilla/5.0 (Macintosh; Intel Mac OS X 10_15_7) AppleWebKit/537.36 (KHTML, like Gecko) Chrome/113.0.0.0 Safari/537.36" "-"
103.203.183.255 - - [05/Jun/2023:12:47:56 +0200] "GET /?elementor_library=elementor-loop-item&post_id=11759&render_mode=template-preview&render_mode_nonce=78d1debe77&ver=1685962071 HTTP/1.1" 200 182632 "http://195.37.42.1/wp-admin/admin.php?page=elementor-app&ver=3.13.3" "Mozilla/5.0 (Macintosh; Intel Mac OS X 10_15_7) AppleWebKit/537.36 (KHTML, like Gecko) Chrome/113.0.0.0 Safari/537.36" "-"
103.203.183.255 - - [05/Jun/2023:12:47:57 +0200] "GET /?elementor_library=elementor-loop-item-3&post_id=12262&render_mode=template-preview&render_mode_nonce=bd669ca98a&ver=1685962071 HTTP/1.1" 200 181796 "http://195.37.42.1/wp-admin/admin.php?page=elementor-app&ver=3.13.3" "Mozilla/5.0 (Macintosh; Intel Mac OS X 10_15_7) AppleWebKit/537.36 (KHTML, like Gecko) Chrome/113.0.0.0 Safari/537.36" "-"
103.203.183.255 - - [05/Jun/2023:12:47:57 +0200] "GET /?elementor_library=elementor-loop-item-4&post_id=12367&render_mode=template-preview&render_mode_nonce=56a5ce90d4&ver=1685962071 HTTP/1.1" 200 184179 "http://195.37.42.1/wp-admin/admin.php?page=elementor-app&ver=3.13.3" "Mozilla/5.0 (Macintosh; Intel Mac OS X 10_15_7) AppleWebKit/537.36 (KHTML, like Gecko) Chrome/113.0.0.0 Safari/537.36" "-"
